 CoGrandImport

 Timestamp is 546a5206 (Mon Nov 17 12:52:38 2014)

 Preferred load address is 10000000

 Start         Length     Name                   Class
 0001:00000000 00039f12H .text                   CODE
 0001:00039f12 00001337H .text$AFX_AUX           CODE
 0001:0003b249 00002dedH .text$AFX_CMNCTL        CODE
 0001:0003e040 00000c8cH .text$AFX_COL1          CODE
 0001:0003eccc 00000658H .text$AFX_COL2          CODE
 0001:0003f324 0000a375H .text$AFX_CORE1         CODE
 0001:00049699 0000496eH .text$AFX_CORE2         CODE
 0001:0004e007 00006d04H .text$AFX_CORE3         CODE
 0001:00054d0b 000050e7H .text$AFX_CORE4         CODE
 0001:00059df2 000045d0H .text$AFX_INIT          CODE
 0001:0005e3c2 0000140bH .text$AFX_OLE1          CODE
 0001:0005f7cd 000000b2H .text$AFX_OLE3          CODE
 0001:0005f87f 00000e70H .text$AFX_PRNT          CODE
 0001:000606ef 0000018dH .text$AFX_TERM          CODE
 0001:00060880 0000312cH .text$x                 CODE
 0001:000639b0 00000082H .text$yc                CODE
 0001:00063a40 00000034H .text$yd                CODE
 0002:00000000 00000944H .idata$5                DATA
 0002:00000950 000110ecH .rdata                  DATA
 0002:00011a3c 00000066H .rdata$debug            DATA
 0002:00011aa4 00001e2cH .rdata$r                DATA
 0002:000138d0 00000004H .rtc$IAA                DATA
 0002:000138d4 00000004H .rtc$IZZ                DATA
 0002:000138d8 00000004H .rtc$TAA                DATA
 0002:000138dc 00000004H .rtc$TZZ                DATA
 0002:000138e0 00005478H .xdata$x                DATA
 0002:00018d58 00000004H ATL$__a                 DATA
 0002:00018d5c 00000004H ATL$__z                 DATA
 0002:00018d60 00000020H .didat$2                DATA
 0002:00018d80 00000020H .didat$3                DATA
 0002:00018da0 00000010H .didat$4                DATA
 0002:00018db0 0000004eH .didat$6                DATA
 0002:00018e00 00000010H .didat$7                DATA
 0002:00018e10 00000118H .idata$2                DATA
 0002:00018f28 00000014H .idata$3                DATA
 0002:00018f3c 00000944H .idata$4                DATA
 0002:00019880 00002256H .idata$6                DATA
 0002:0001bae0 000000aaH .edata                  DATA
 0003:00000000 00000004H .CRT$XCA                DATA
 0003:00000004 00000004H .CRT$XCAA               DATA
 0003:00000008 0000000cH .CRT$XCC                DATA
 0003:00000014 00000014H .CRT$XCL                DATA
 0003:00000028 00000048H .CRT$XCU                DATA
 0003:00000070 00000004H .CRT$XCZ                DATA
 0003:00000074 00000004H .CRT$XIA                DATA
 0003:00000078 00000010H .CRT$XIC                DATA
 0003:00000088 00000004H .CRT$XIY                DATA
 0003:0000008c 00000004H .CRT$XIZ                DATA
 0003:00000090 00000004H .CRT$XPA                DATA
 0003:00000094 00000004H .CRT$XPX                DATA
 0003:00000098 00000004H .CRT$XPZ                DATA
 0003:0000009c 00000004H .CRT$XTA                DATA
 0003:000000a0 00000004H .CRT$XTB                DATA
 0003:000000a4 00000004H .CRT$XTZ                DATA
 0003:000000b0 00002390H .data                   DATA
 0003:00002440 00000010H .didat$5                DATA
 0003:00002460 00003934H .bss                    DATA
 0004:00000000 00000154H .rsrc$01                DATA
 0004:00000160 00001e68H .rsrc$02                DATA

  Address         Publics by Value              Rva+Base     Lib:Object

 0000:00000000       __except_list              00000000     <absolute>
 0000:00000000       ___ImageBase               10000000     <linker-defined>
 0001:00000000       ?InterlockedExchangePointer@@YGPAXPAPAXPAX@Z 10001000 f i BaseFacCfgWrap.obj
 0001:00000010       ?_AtlGetThreadACPFake@ATL@@YGIXZ 10001010 f i BaseFacCfgWrap.obj
 0001:00000090       ?_AtlGetThreadACPReal@ATL@@YGIXZ 10001090 f i BaseFacCfgWrap.obj
 0001:000000a0       ?_AtlGetThreadACPThunk@ATL@@YGIXZ 100010a0 f i BaseFacCfgWrap.obj
 0001:00000110       ?_AtlGetConversionACP@ATL@@YGIXZ 10001110 f i BaseFacCfgWrap.obj
 0001:00000120       ?AtlA2WHelper@@YGPAGPAGPBDHI@Z 10001120 f i BaseFacCfgWrap.obj
 0001:00000160       ?AtlW2AHelper@@YGPADPADPBGHI@Z 10001160 f i BaseFacCfgWrap.obj
 0001:000001a0       ?AtlThrow@ATL@@YGXJ@Z      100011a0 f i BaseFacCfgWrap.obj
 0001:000001c0       ?_AtlGetStringResourceImage@ATL@@YAPBUATLSTRINGRESOURCEIMAGE@1@PAUHINSTANCE__@@PAUHRSRC__@@I@Z 100011c0 f i BaseFacCfgWrap.obj
 0001:00000220       ?AtlGetStringResourceImage@ATL@@YAPBUATLSTRINGRESOURCEIMAGE@1@PAUHINSTANCE__@@I@Z 10001220 f i BaseFacCfgWrap.obj
 0001:00000260       ?Allocate@CCRTAllocator@ATL@@SAPAXI@Z 10001260 f i BaseFacCfgWrap.obj
 0001:00000270       ?Free@CCRTAllocator@ATL@@SAXPAX@Z 10001270 f i BaseFacCfgWrap.obj
 0001:00000280       ?data@CStringData@ATL@@QAEPAXXZ 10001280 f i BaseFacCfgWrap.obj
 0001:00000290       ?AddRef@CStringData@ATL@@QAEXXZ 10001290 f i BaseFacCfgWrap.obj
 0001:000002a0       ?IsLocked@CStringData@ATL@@QBE_NXZ 100012a0 f i BaseFacCfgWrap.obj
 0001:000002b0       ?IsShared@CStringData@ATL@@QBE_NXZ 100012b0 f i BaseFacCfgWrap.obj
 0001:000002c0       ?Release@CStringData@ATL@@QAEXXZ 100012c0 f i BaseFacCfgWrap.obj
 0001:000002e0       ?_AtlInstallStringThunk@ATL@@YAXPAPAXPAX1@Z 100012e0 f i BaseFacCfgWrap.obj
 0001:00000320       ?CompareStringWFake@ATL@@YGHKKPBGH0H@Z 10001320 f i BaseFacCfgWrap.obj
 0001:000003f0       ?CompareStringWThunk@ATL@@YGHKKPBGH0H@Z 100013f0 f i BaseFacCfgWrap.obj
 0001:00000440       ?lstrcmpiWFake@ATL@@YGHPBG0@Z 10001440 f i BaseFacCfgWrap.obj
 0001:00000500       ?lstrcmpiWThunk@ATL@@YGHPBG0@Z 10001500 f i BaseFacCfgWrap.obj
 0001:00000550       ?CharLowerWFake@ATL@@YGPAGPAG@Z 10001550 f i BaseFacCfgWrap.obj
 0001:00000610       ?CharLowerWThunk@ATL@@YGPAGPAG@Z 10001610 f i BaseFacCfgWrap.obj
 0001:00000660       ?CharUpperWFake@ATL@@YGPAGPAG@Z 10001660 f i BaseFacCfgWrap.obj
 0001:00000720       ?CharUpperWThunk@ATL@@YGPAGPAG@Z 10001720 f i BaseFacCfgWrap.obj
 0001:00000770       ??0Data_t@_bstr_t@@QAE@PBG@Z 10001770 f i BaseFacCfgWrap.obj
 0001:000007b0       ??0Data_t@_bstr_t@@QAE@PAG_N@Z 100017b0 f i BaseFacCfgWrap.obj
 0001:00000810       ?GetWString@Data_t@_bstr_t@@QAEAAPAGXZ 10001810 f i BaseFacCfgWrap.obj
 0001:00000820       ??2Data_t@_bstr_t@@SAPAXI@Z 10001820 f i BaseFacCfgWrap.obj
 0001:00000830       ?_Free@Data_t@_bstr_t@@AAEXXZ 10001830 f i BaseFacCfgWrap.obj
 0001:00000860       ?GetNumberOfStationsForFacility@IFacilityMgrData@@QAEFFF@Z 10001860 f i BaseFacCfgWrap.obj
 0001:000008a0       ?IsFacilityDefined@IFacilityMgrData@@QAEFF@Z 100018a0 f i BaseFacCfgWrap.obj
 0001:000008e0       ?SetFacilityMgrErrorLoggingParameters@IFacilityMgrData@@QAEJJ@Z 100018e0 f i BaseFacCfgWrap.obj
 0001:00000910       ??0?$CTempBuffer@D$0IA@VCCRTAllocator@ATL@@@ATL@@QAE@XZ 10001910 f i BaseFacCfgWrap.obj
 0001:00000920       ??B?$CTempBuffer@D$0IA@VCCRTAllocator@ATL@@@ATL@@QBEPADXZ 10001920 f i BaseFacCfgWrap.obj
 0001:00000930       ??1?$CW2AEX@$0IA@@ATL@@QAE@XZ 10001930 f i BaseFacCfgWrap.obj
 0001:00000950       ??B?$CW2AEX@$0IA@@ATL@@QBEPADXZ 10001950 f i BaseFacCfgWrap.obj
 0001:00000960       ??0?$_com_ptr_t@V?$_com_IIID@UIFacilityMgrData@@$1?_GUID_608da78f_1a8b_411c_aa2e_e4d5018ed010@@3U__s_GUID@@B@@@@QAE@XZ 10001960 f i BaseFacCfgWrap.obj
 0001:00000970       ??C?$_com_ptr_t@V?$_com_IIID@UIFacilityMgrData@@$1?_GUID_608da78f_1a8b_411c_aa2e_e4d5018ed010@@3U__s_GUID@@B@@@@QBEPAUIFacilityMgrData@@XZ 10001970 f i BaseFacCfgWrap.obj
 0001:00000990       ??B?$_com_ptr_t@V?$_com_IIID@UIFacilityMgrData@@$1?_GUID_608da78f_1a8b_411c_aa2e_e4d5018ed010@@3U__s_GUID@@B@@@@QBE_NXZ 10001990 f i BaseFacCfgWrap.obj
 0001:000009a0       ?FreeHeap@?$CTempBuffer@D$0IA@VCCRTAllocator@ATL@@@ATL@@AAEXXZ 100019a0 f i BaseFacCfgWrap.obj
 0001:000009b0       ?Init@?$CW2AEX@$0IA@@ATL@@AAEXPBGI@Z 100019b0 f i BaseFacCfgWrap.obj
 0001:00000a20       ?StringLength@?$CSimpleStringT@D@ATL@@SAHPBD@Z 10001a20 f i BaseFacCfgWrap.obj
 0001:00000a40       ?GetData@?$CSimpleStringT@D@ATL@@ABEPAUCStringData@2@XZ 10001a40 f i BaseFacCfgWrap.obj
 0001:00000a50       ?SetLength@?$CSimpleStringT@D@ATL@@AAEXH@Z 10001a50 f i BaseFacCfgWrap.obj
 0001:00000a70       ?FindStringResourceInstance@?$StrTraitMFC@DV?$ChTraitsCRT@D@ATL@@@@SAPAUHINSTANCE__@@I@Z 10001a70 f i BaseFacCfgWrap.obj
 0001:00000a80       ?GetDefaultManager@?$StrTraitMFC@DV?$ChTraitsCRT@D@ATL@@@@SAPAUIAtlStringMgr@ATL@@XZ 10001a80 f i BaseFacCfgWrap.obj
 0001:00000a90       ??8?$_com_ptr_t@V?$_com_IIID@UIFacilityMgrData@@$1?_GUID_608da78f_1a8b_411c_aa2e_e4d5018ed010@@3U__s_GUID@@B@@@@QAE_NH@Z 10001a90 f i BaseFacCfgWrap.obj
 0001:00000ac0       ?_Release@?$_com_ptr_t@V?$_com_IIID@UIFacilityMgrData@@$1?_GUID_608da78f_1a8b_411c_aa2e_e4d5018ed010@@3U__s_GUID@@B@@@@AAEXXZ 10001ac0 f i BaseFacCfgWrap.obj
 0001:00000ad0       ?AllocateHeap@?$CTempBuffer@D$0IA@VCCRTAllocator@ATL@@@ATL@@AAEXI@Z 10001ad0 f i BaseFacCfgWrap.obj
 0001:00000b00       ?GetString@?$CSimpleStringT@D@ATL@@QBEPBDXZ 10001b00 f i BaseFacCfgWrap.obj
 0001:00000b10       ?ReleaseBufferSetLength@?$CSimpleStringT@D@ATL@@QAEXH@Z 10001b10 f i BaseFacCfgWrap.obj
 0001:00000b30       ?Attach@?$CSimpleStringT@D@ATL@@AAEXPAUCStringData@2@@Z 10001b30 f i BaseFacCfgWrap.obj
 0001:00000b40       ?GetBaseTypeLength@?$ChTraitsCRT@D@ATL@@SAHPBG@Z 10001b40 f i BaseFacCfgWrap.obj
 0001:00000b60       ?GetBaseTypeLength@?$ChTraitsCRT@D@ATL@@SAHPBGH@Z 10001b60 f i BaseFacCfgWrap.obj
 0001:00000b90       ?ConvertToBaseType@?$ChTraitsCRT@D@ATL@@SAXPADHPBGH@Z 10001b90 f i BaseFacCfgWrap.obj
 0001:00000bc0       ?_AddRef@?$_com_ptr_t@V?$_com_IIID@UIFacilityMgrData@@$1?_GUID_608da78f_1a8b_411c_aa2e_e4d5018ed010@@3U__s_GUID@@B@@@@AAEXXZ 10001bc0 f i BaseFacCfgWrap.obj
 0001:00000bd0       ?GetIID@?$_com_IIID@UIFacilityMgrData@@$1?_GUID_608da78f_1a8b_411c_aa2e_e4d5018ed010@@3U__s_GUID@@B@@SAABU_GUID@@XZ 10001bd0 f i BaseFacCfgWrap.obj
 0001:00000be0       ?CopyChars@?$CSimpleStringT@D@ATL@@SAXPADPBDH@Z 10001be0 f i BaseFacCfgWrap.obj
 0001:00000c00       ?CopyCharsOverlapped@?$CSimpleStringT@D@ATL@@SAXPADPBDH@Z 10001c00 f i BaseFacCfgWrap.obj
 0001:00000c10       ?ThrowMemoryException@?$CSimpleStringT@D@ATL@@KAXXZ 10001c10 f i BaseFacCfgWrap.obj
 0001:00000c20       ?Fork@?$CSimpleStringT@D@ATL@@AAEXH@Z 10001c20 f i BaseFacCfgWrap.obj
 0001:00000ca0       ?Reallocate@?$CSimpleStringT@D@ATL@@AAEXH@Z 10001ca0 f i BaseFacCfgWrap.obj
 0001:00000cd0       ??0_bstr_t@@QAE@PBG@Z      10001cd0 f i BaseFacCfgWrap.obj
 0001:00000d70       ??0_bstr_t@@QAE@PAG_N@Z    10001d70 f i BaseFacCfgWrap.obj
 0001:00000df0       ??B_bstr_t@@QBEPAGXZ       10001df0 f i BaseFacCfgWrap.obj
 0001:00000e00       ??1Data_t@_bstr_t@@AAE@XZ  10001e00 f i BaseFacCfgWrap.obj
 0001:00000e30       ??_GData_t@_bstr_t@@AAEPAXI@Z 10001e30 f i BaseFacCfgWrap.obj
 0001:00000e70       ?SetFlags@CBaseFacCfgWrap@@UAEXJ@Z 10001e70 f   BaseFacCfgWrap.obj
 0001:00000eb0       ?GetNumStations@CBaseFacCfgWrap@@UAEHF@Z 10001eb0 f   BaseFacCfgWrap.obj
 0001:00000f10       ?FacilityExists@CBaseFacCfgWrap@@UAE_NF@Z 10001f10 f   BaseFacCfgWrap.obj
 0001:00000f70       ??1?$CTempBuffer@D$0IA@VCCRTAllocator@ATL@@@ATL@@QAE@XZ 10001f70 f i BaseFacCfgWrap.obj
 0001:00000f80       ??0?$CW2AEX@$0IA@@ATL@@QAE@PBG@Z 10001f80 f i BaseFacCfgWrap.obj
 0001:00000fb0       ?GetLength@?$CSimpleStringT@D@ATL@@QBEHXZ 10001fb0 f i BaseFacCfgWrap.obj
 0001:00000fc0       ??1?$_com_ptr_t@V?$_com_IIID@UIFacilityMgrData@@$1?_GUID_608da78f_1a8b_411c_aa2e_e4d5018ed010@@3U__s_GUID@@B@@@@QAE@XZ 10001fc0 f i BaseFacCfgWrap.obj
 0001:00000fd0       ??9?$_com_ptr_t@V?$_com_IIID@UIFacilityMgrData@@$1?_GUID_608da78f_1a8b_411c_aa2e_e4d5018ed010@@3U__s_GUID@@B@@@@QAE_NH@Z 10001fd0 f i BaseFacCfgWrap.obj
 0001:00001000       ?AllocateBytes@?$CTempBuffer@D$0IA@VCCRTAllocator@ATL@@@ATL@@QAEPADI@Z 10002000 f i BaseFacCfgWrap.obj
 0001:00001030       ??0?$CSimpleStringT@D@ATL@@QAE@PAUIAtlStringMgr@1@@Z 10002030 f i BaseFacCfgWrap.obj
 0001:00001050       ??1?$CSimpleStringT@D@ATL@@QAE@XZ 10002050 f i BaseFacCfgWrap.obj
 0001:00001070       ?GetIID@?$_com_ptr_t@V?$_com_IIID@UIFacilityMgrData@@$1?_GUID_608da78f_1a8b_411c_aa2e_e4d5018ed010@@3U__s_GUID@@B@@@@SAABU_GUID@@XZ 10002070 f i BaseFacCfgWrap.obj
 0001:00001080       ??4?$_com_ptr_t@V?$_com_IIID@UIFacilityMgrData@@$1?_GUID_608da78f_1a8b_411c_aa2e_e4d5018ed010@@3U__s_GUID@@B@@@@QAEAAV0@PAUIFacilityMgrData@@@Z 10002080 f i BaseFacCfgWrap.obj
 0001:000010b0       ?Empty@?$CSimpleStringT@D@ATL@@QAEXXZ 100020b0 f i BaseFacCfgWrap.obj
 0001:00001100       ?PrepareWrite2@?$CSimpleStringT@D@ATL@@AAEXH@Z 10002100 f i BaseFacCfgWrap.obj
 0001:00001150       ?CloneData@?$CSimpleStringT@D@ATL@@CAPAUCStringData@2@PAU32@@Z 10002150 f i BaseFacCfgWrap.obj
 0001:000011b0       ?Release@Data_t@_bstr_t@@QAEKXZ 100021b0 f i BaseFacCfgWrap.obj
 0001:00001200       ?Allocate@?$CTempBuffer@D$0IA@VCCRTAllocator@ATL@@@ATL@@QAEPADI@Z 10002200 f i BaseFacCfgWrap.obj
 0001:00001230       ??0?$CStringT@DV?$StrTraitMFC@DV?$ChTraitsCRT@D@ATL@@@@@ATL@@QAE@XZ 10002230 f i BaseFacCfgWrap.obj
 0001:00001250       ??1?$CStringT@DV?$StrTraitMFC@DV?$ChTraitsCRT@D@ATL@@@@@ATL@@QAE@XZ 10002250 f i BaseFacCfgWrap.obj
 0001:00001270       ??4?$_com_ptr_t@V?$_com_IIID@UIFacilityMgrData@@$1?_GUID_608da78f_1a8b_411c_aa2e_e4d5018ed010@@3U__s_GUID@@B@@@@QAEAAV0@H@Z 10002270 f i BaseFacCfgWrap.obj
 0001:000012a0       ?CreateInstance@?$_com_ptr_t@V?$_com_IIID@UIFacilityMgrData@@$1?_GUID_608da78f_1a8b_411c_aa2e_e4d5018ed010@@3U__s_GUID@@B@@@@QAEJABU_GUID@@PAUIUnknown@@K@Z 100022a0 f i BaseFacCfgWrap.obj
 0001:00001330       ??0?$CSimpleStringT@D@ATL@@QAE@ABV01@@Z 10002330 f i BaseFacCfgWrap.obj
 0001:00001350       ?PrepareWrite@?$CSimpleStringT@D@ATL@@AAEPADH@Z 10002350 f i BaseFacCfgWrap.obj
 0001:00001380       ?GetEnvironmentVariableWFake@ATL@@YGKPBGPAGK@Z 10002380 f i BaseFacCfgWrap.obj
 0001:00001540       ?GetEnvironmentVariableWThunk@ATL@@YGKPBGPAGK@Z 10002540 f i BaseFacCfgWrap.obj
 0001:00001590       ?GetStringTypeExWFake@ATL@@YGHKKPBGHPAG@Z 10002590 f i BaseFacCfgWrap.obj
 0001:000016a0       ?GetStringTypeExWThunk@ATL@@YGHKKPBGHPAG@Z 100026a0 f i BaseFacCfgWrap.obj
 0001:000016f0       ?_Free@_bstr_t@@AAEXXZ     100026f0 f i BaseFacCfgWrap.obj
 0001:00001710       ??0CBaseFacCfgWrap@@QAE@XZ 10002710 f   BaseFacCfgWrap.obj
 0001:000017e0       ??1CBaseFacCfgWrap@@UAE@XZ 100027e0 f   BaseFacCfgWrap.obj
 0001:00001880       ??0?$CStringT@DV?$StrTraitMFC@DV?$ChTraitsCRT@D@ATL@@@@@ATL@@QAE@ABV01@@Z 10002880 f i BaseFacCfgWrap.obj
 0001:000018a0       ?GetBuffer@?$CSimpleStringT@D@ATL@@QAEPADH@Z 100028a0 f i BaseFacCfgWrap.obj
 0001:000018d0       ??4?$CStringT@DV?$StrTraitMFC@DV?$ChTraitsCRT@D@ATL@@@@@ATL@@QAEAAV01@PBG@Z 100028d0 f i BaseFacCfgWrap.obj
 0001:00001960       ?LoadStringA@?$CStringT@DV?$StrTraitMFC@DV?$ChTraitsCRT@D@ATL@@@@@ATL@@QAEHPAUHINSTANCE__@@I@Z 10002960 f i BaseFacCfgWrap.obj
 0001:00001a20       ?SetString@?$CSimpleStringT@D@ATL@@QAEXPBDH@Z 10002a20 f i BaseFacCfgWrap.obj
 0001:00001ac0       ??1_bstr_t@@QAE@XZ         10002ac0 f i BaseFacCfgWrap.obj
 0001:00001ae0       ?GetFacilityDirectory@IFacilityMgrData@@QAE?AV_bstr_t@@F@Z 10002ae0 f i BaseFacCfgWrap.obj
 0001:00001b30       ?GetFacilityLongName@IFacilityMgrData@@QAE?AV_bstr_t@@F@Z 10002b30 f i BaseFacCfgWrap.obj
 0001:00001b80       ?GetStationIDsWithInstrumentType@IFacilityMgrData@@QAEJFV_bstr_t@@FPAUtagVARIANT@@@Z 10002b80 f i BaseFacCfgWrap.obj
 0001:00001c00       ??_GCBaseFacCfgWrap@@UAEPAXI@Z 10002c00 f i BaseFacCfgWrap.obj
 0001:00001c00       ??_ECBaseFacCfgWrap@@UAEPAXI@Z 10002c00 f i BaseFacCfgWrap.obj
 0001:00001c20       ?GetStationIDs@CBaseFacCfgWrap@@UAE_NFPAFPAJ@Z 10002c20 f   BaseFacCfgWrap.obj
 0001:00001d50       ?LoadStringA@?$CStringT@DV?$StrTraitMFC@DV?$ChTraitsCRT@D@ATL@@@@@ATL@@QAEHI@Z 10002d50 f i BaseFacCfgWrap.obj
 0001:00001d80       ?CheckImplicitLoad@?$CStringT@DV?$StrTraitMFC@DV?$ChTraitsCRT@D@ATL@@@@@ATL@@AAE_NPBX@Z 10002d80 f i BaseFacCfgWrap.obj
 0001:00001dc0       ??4?$CSimpleStringT@D@ATL@@QAEAAV01@ABV01@@Z 10002dc0 f i BaseFacCfgWrap.obj
 0001:00001e30       ?SetString@?$CSimpleStringT@D@ATL@@QAEXPBD@Z 10002e30 f i BaseFacCfgWrap.obj
 0001:00001e70       ??0?$CStringT@DV?$StrTraitMFC@DV?$ChTraitsCRT@D@ATL@@@@@ATL@@QAE@PBG@Z 10002e70 f i BaseFacCfgWrap.obj
 0001:00001f00       ??4?$CStringT@DV?$StrTraitMFC@DV?$ChTraitsCRT@D@ATL@@@@@ATL@@QAEAAV01@ABV01@@Z 10002f00 f i BaseFacCfgWrap.obj
 0001:00001f20       ??4?$CSimpleStringT@D@ATL@@QAEAAV01@PBD@Z 10002f20 f i BaseFacCfgWrap.obj
 0001:00001f60       ??4?$CStringT@DV?$StrTraitMFC@DV?$ChTraitsCRT@D@ATL@@@@@ATL@@QAEAAV01@PBD@Z 10002f60 f i BaseFacCfgWrap.obj
 0001:00001fa0       ??0?$CStringT@DV?$StrTraitMFC@DV?$ChTraitsCRT@D@ATL@@@@@ATL@@QAE@PBD@Z 10002fa0 f i BaseFacCfgWrap.obj
 0001:00002030       ?GetFacilityDirectory@CBaseFacCfgWrap@@UAE?AV?$CStringT@DV?$StrTraitMFC@DV?$ChTraitsCRT@D@ATL@@@@@ATL@@F@Z 10003030 f   BaseFacCfgWrap.obj
 0001:00002150       ?GetFacilityLongName@CBaseFacCfgWrap@@UAE?AV?$CStringT@DV?$StrTraitMFC@DV?$ChTraitsCRT@D@ATL@@@@@ATL@@F@Z 10003150 f   BaseFacCfgWrap.obj
 0001:00002270       _InlineIsEqualGUID         10003270 f i CoGrandImport.obj
 0001:000022a0       _IsEqualGUID               100032a0 f i CoGrandImport.obj
 0001:000022c0       ?ocslen@@YAHPBG@Z          100032c0 f i CoGrandImport.obj
 0001:000022d0       ?ocscpy@@YAPAGPAGPBG@Z     100032d0 f i CoGrandImport.obj
 0001:00002300       ?CharNextO@@YAPAGPBG@Z     10003300 f i CoGrandImport.obj
 0001:00002310       ??0CComCriticalSection@ATL@@QAE@XZ 10003310 f i CoGrandImport.obj
 0001:00002330       ?Lock@CComCriticalSection@ATL@@QAEJXZ 10003330 f i CoGrandImport.obj
 0001:000023b0       ?Unlock@CComCriticalSection@ATL@@QAEJXZ 100033b0 f i CoGrandImport.obj
 0001:000023c0       ?Init@CComCriticalSection@ATL@@QAEJXZ 100033c0 f i CoGrandImport.obj
 0001:00002440       ?Term@CComCriticalSection@ATL@@QAEJXZ 10003440 f i CoGrandImport.obj
 0001:00002450       ??0CComAutoCriticalSection@ATL@@QAE@XZ 10003450 f i CoGrandImport.obj
 0001:00002480       ??1CComAutoCriticalSection@ATL@@QAE@XZ 10003480 f i CoGrandImport.obj
 0001:00002490       ?GetModuleInstance@CAtlBaseModule@ATL@@QAEPAUHINSTANCE__@@XZ 10003490 f i CoGrandImport.obj
 0001:000024a0       ?AtlHresultFromLastError@ATL@@YAJXZ 100034a0 f i CoGrandImport.obj
 0001:000024c0       ?AtlHresultFromWin32@ATL@@YAJK@Z 100034c0 f i CoGrandImport.obj
 0001:000024e0       ??0CComBSTR@ATL@@QAE@XZ    100034e0 f i CoGrandImport.obj
 0001:000024f0       ??1CComBSTR@ATL@@QAE@XZ    100034f0 f i CoGrandImport.obj
 0001:00002500       ??BCComBSTR@ATL@@QBEPAGXZ  10003500 f i CoGrandImport.obj
 0001:00002510       ??ICComBSTR@ATL@@QAEPAPAGXZ 10003510 f i CoGrandImport.obj
 0001:00002520       ?Increment@CComSingleThreadModel@ATL@@SGKPAJ@Z 10003520 f i CoGrandImport.obj
 0001:00002530       ?Decrement@CComSingleThreadModel@ATL@@SGKPAJ@Z 10003530 f i CoGrandImport.obj
 0001:00002540       ?GetLockCount@CAtlModule@ATL@@UAEJXZ 10003540 f i CoGrandImport.obj
 0001:00002550       ?EscapeSingleQuote@CAtlModule@ATL@@SAXPAGPBG@Z 10003550 f i CoGrandImport.obj
 0001:00002590       ??0_ATL_MODULE70@ATL@@QAE@XZ 10003590 f i CoGrandImport.obj
 0001:000025b0       ??0CRegKey@ATL@@QAE@XZ     100035b0 f i CoGrandImport.obj
 0001:000025c0       ??0CRegKey@ATL@@QAE@PAUHKEY__@@@Z 100035c0 f i CoGrandImport.obj
 0001:000025d0       ??BCRegKey@ATL@@QBEPAUHKEY__@@XZ 100035d0 f i CoGrandImport.obj
 0001:000025e0       ?Detach@CRegKey@ATL@@QAEPAUHKEY__@@XZ 100035e0 f i CoGrandImport.obj
 0001:000025f0       ?Attach@CRegKey@ATL@@QAEXPAUHKEY__@@@Z 100035f0 f i CoGrandImport.obj
 0001:00002600       ?DeleteSubKey@CRegKey@ATL@@QAEJPBD@Z 10003600 f i CoGrandImport.obj
 0001:00002620       ?DeleteValue@CRegKey@ATL@@QAEJPBD@Z 10003620 f i CoGrandImport.obj
 0001:00002640       ?Close@CRegKey@ATL@@QAEJXZ 10003640 f i CoGrandImport.obj
 0001:00002660       ?Create@CRegKey@ATL@@QAEJPAUHKEY__@@PBDPADKKPAU_SECURITY_ATTRIBUTES@@PAK@Z 10003660 f i CoGrandImport.obj
 0001:000026d0       ?Open@CRegKey@ATL@@QAEJPAUHKEY__@@PBDK@Z 100036d0 f i CoGrandImport.obj
 0001:00002720       ?SetDWORDValue@CRegKey@ATL@@QAEJPBDK@Z 10003720 f i CoGrandImport.obj
 0001:00002740       ?SetStringValue@CRegKey@ATL@@QAEJPBD0K@Z 10003740 f i CoGrandImport.obj
 0001:00002770       ?SetMultiStringValue@CRegKey@ATL@@QAEJPBD0@Z 10003770 f i CoGrandImport.obj
 0001:000027b0       ?IsEqualKey@CExpansionVectorEqualHelper@ATL@@SA_NQAD0@Z 100037b0 f i CoGrandImport.obj
 0001:000027d0       ?GenerateError@CRegParser@ATL@@IAEJI@Z 100037d0 f i CoGrandImport.obj
 0001:000027e0       ?EndOfVar@CRegParser@ATL@@IAEHXZ 100037e0 f i CoGrandImport.obj
 0001:00002800       ??0CParseBuffer@CRegParser@ATL@@QAE@H@Z 10003800 f i CoGrandImport.obj
 0001:00002840       ??1CParseBuffer@CRegParser@ATL@@QAE@XZ 10003840 f i CoGrandImport.obj
 0001:00002850       ?Append@CParseBuffer@CRegParser@ATL@@QAEHPBDH@Z 10003850 f i CoGrandImport.obj
 0001:000028d0       ?AddChar@CParseBuffer@CRegParser@ATL@@QAEHPBD@Z 100038d0 f i CoGrandImport.obj
 0001:000028f0       ?AddString@CParseBuffer@CRegParser@ATL@@QAEHPBG@Z 100038f0 f i CoGrandImport.obj
 0001:00002970       ?Detach@CParseBuffer@CRegParser@ATL@@QAEPADXZ 10003970 f i CoGrandImport.obj
 0001:00002980       ?VTFromRegType@CRegParser@ATL@@KAHPBDAAG@Z 10003980 f i CoGrandImport.obj
 0001:00002a30       ?ChToByte@CRegParser@ATL@@KAED@Z 10003a30 f i CoGrandImport.obj
 0001:00002aa0       ?HKeyFromString@CRegParser@ATL@@KAPAUHKEY__@@PAD@Z 10003aa0 f i CoGrandImport.obj
 0001:00002ae0       ?StrChrA@CRegParser@ATL@@KAPADPADD@Z 10003ae0 f i CoGrandImport.obj
 0001:00002b20       ??0CRegParser@ATL@@QAE@PAVCRegObject@1@@Z 10003b20 f i CoGrandImport.obj
 0001:00002b40       ?IsSpace@CRegParser@ATL@@IAEHD@Z 10003b40 f i CoGrandImport.obj
 0001:00002b90       ?SkipWhiteSpace@CRegParser@ATL@@IAEXXZ 10003b90 f i CoGrandImport.obj
 0001:00002bf0       ?NextToken@CRegParser@ATL@@IAEJPAD@Z 10003bf0 f i CoGrandImport.obj
 0001:00002d20       ?CanForceRemoveKey@CRegParser@ATL@@IAEHPBD@Z 10003d20 f i CoGrandImport.obj
 0001:00002d60       ?HasSubKeys@CRegParser@ATL@@IAEHPAUHKEY__@@@Z 10003d60 f i CoGrandImport.obj
 0001:00002db0       ?SkipAssignment@CRegParser@ATL@@IAEJPAD@Z 10003db0 f i CoGrandImport.obj
 0001:00002e30       ??0IUnknown@@QAE@XZ        10003e30 f i CoGrandImport.obj
 0001:00002e80       ?AtlLoadTypeLib@ATL@@YGJPAUHINSTANCE__@@PBGPAPAGPAPAUITypeLib@@@Z 10003e80 f i CoGrandImport.obj
 0001:00003010       ?Init@CComModule@ATL@@QAEJPAU_ATL_OBJMAP_ENTRY30@2@PAUHINSTANCE__@@PBU_GUID@@@Z 10004010 f i CoGrandImport.obj
 0001:00003090       ?AtlCallTermFunc@ATL@@YGXPAU_ATL_MODULE70@1@@Z 10004090 f i CoGrandImport.obj
 0001:000030d0       ??0CComObjectRootBase@ATL@@QAE@XZ 100040d0 f i CoGrandImport.obj
 0001:000030e0       ?FinalConstruct@CComObjectRootBase@ATL@@QAEJXZ 100040e0 f i CoGrandImport.obj
 0001:000030f0       ?_AtlFinalConstruct@CComObjectRootBase@ATL@@QAEJXZ 100040f0 f i CoGrandImport.obj
 0001:00003100       ?FinalRelease@CComObjectRootBase@ATL@@QAEXXZ 10004100 f i CoGrandImport.obj
 0001:00003110       ?ObjectMain@CComObjectRootBase@ATL@@SGX_N@Z 10004110 f i CoGrandImport.obj
 0001:00003120       ?GetCategoryMap@CComObjectRootBase@ATL@@SAPBU_ATL_CATMAP_ENTRY@2@XZ 10004120 f i CoGrandImport.obj
 0001:00003130       ?SetVoid@CComObjectRootBase@ATL@@QAEXPAX@Z 10004130 f i CoGrandImport.obj
 0001:00003140       ?InternalFinalConstructAddRef@CComObjectRootBase@ATL@@QAEXXZ 10004140 f i CoGrandImport.obj
 0001:00003150       ?InternalFinalConstructRelease@CComObjectRootBase@ATL@@QAEXXZ 10004150 f i CoGrandImport.obj
 0001:00003160       ?InternalAddRef@?$CComObjectRootEx@VCComSingleThreadModel@ATL@@@ATL@@QAEKXZ 10004160 f i CoGrandImport.obj
 0001:00003170       ?InternalRelease@?$CComObjectRootEx@VCComSingleThreadModel@ATL@@@ATL@@QAEKXZ 10004170 f i CoGrandImport.obj
 0001:00003180       ?SetVoid@CComClassFactory@ATL@@QAEXPAX@Z 10004180 f i CoGrandImport.obj
 0001:00003190       ??1stringdispid@CComTypeInfoHolder@ATL@@QAE@XZ 10004190 f i CoGrandImport.obj
 0001:000031a0       ?InternalFinalConstructAddRef@CGrandImport@@QAEXXZ 100041a0 f i CoGrandImport.obj
 0001:000031b0       ?InternalFinalConstructRelease@CGrandImport@@QAEXXZ 100041b0 f i CoGrandImport.obj
 0001:000031c0       ?GetMessageMap@CCoGrandImportApp@@MBEPBUAFX_MSGMAP@@XZ 100041c0 f   CoGrandImport.obj
 0001:000031d0       ??0CCoGrandImportApp@@QAE@XZ 100041d0 f i CoGrandImport.obj
 0001:000031f0       ?Serialize@CObject@@UAEXAAVCArchive@@@Z 100041f0 f i CoGrandImport.obj
 0001:00003200       ??1CCoGrandImportApp@@UAE@XZ 10004200 f i CoGrandImport.obj
 0001:00003210       ??_ECCoGrandImportApp@@UAEPAXI@Z 10004210 f i CoGrandImport.obj
 0001:00003210       ??_GCCoGrandImportApp@@UAEPAXI@Z 10004210 f i CoGrandImport.obj
 0001:00003230       ?InitInstance@CCoGrandImportApp@@UAEHXZ 10004230 f   CoGrandImport.obj
 0001:00003260       _DllCanUnloadNow@0         10004260 f   CoGrandImport.obj
 0001:00003280       ??0?$CSimpleMap@PADPAGVCExpansionVectorEqualHelper@ATL@@@ATL@@QAE@XZ 10004280 f i CoGrandImport.obj
 0001:00003290       ?GetSize@?$CSimpleMap@PADPAGVCExpansionVectorEqualHelper@ATL@@@ATL@@QBEHXZ 10004290 f i CoGrandImport.obj
 0001:000032a0       ?RemoveAll@?$CSimpleMap@PADPAGVCExpansionVectorEqualHelper@ATL@@@ATL@@QAEXXZ 100042a0 f i CoGrandImport.obj
 0001:000032e0       ?GetKeyAt@?$CSimpleMap@PADPAGVCExpansionVectorEqualHelper@ATL@@@ATL@@QBEAAPADH@Z 100042e0 f i CoGrandImport.obj
 0001:000032f0       ?GetValueAt@?$CSimpleMap@PADPAGVCExpansionVectorEqualHelper@ATL@@@ATL@@QBEAAPAGH@Z 100042f0 f i CoGrandImport.obj
 0001:00003300       ??0?$CTempBuffer@D$0EAA@VCCRTAllocator@ATL@@@ATL@@QAE@XZ 10004300 f i CoGrandImport.obj
 0001:00003310       ??B?$CTempBuffer@D$0EAA@VCCRTAllocator@ATL@@@ATL@@QBEPADXZ 10004310 f i CoGrandImport.obj
 0001:00003320       ??0?$CTempBuffer@D$0BAA@VCCRTAllocator@ATL@@@ATL@@QAE@XZ 10004320 f i CoGrandImport.obj
 0001:00003330       ??B?$CTempBuffer@D$0BAA@VCCRTAllocator@ATL@@@ATL@@QBEPADXZ 10004330 f i CoGrandImport.obj
 0001:00003340       ??0?$CTempBuffer@E$0BAA@VCCRTAllocator@ATL@@@ATL@@QAE@XZ 10004340 f i CoGrandImport.obj
 0001:00003350       ??B?$CTempBuffer@E$0BAA@VCCRTAllocator@ATL@@@ATL@@QBEPAEXZ 10004350 f i CoGrandImport.obj
 0001:00003360       ??1?$CComPtrBase@UITypeLib@@@ATL@@QAE@XZ 10004360 f i CoGrandImport.obj
 0001:00003370       ??B?$CComPtrBase@UITypeLib@@@ATL@@QBEPAUITypeLib@@XZ 10004370 f i CoGrandImport.obj
 0001:00003380       ??I?$CComPtrBase@UITypeLib@@@ATL@@QAEPAPAUITypeLib@@XZ 10004380 f i CoGrandImport.obj
 0001:00003390       ??C?$CComPtrBase@UITypeLib@@@ATL@@QBEPAV?$_NoAddRefReleaseOnCComPtr@UITypeLib@@@1@XZ 10004390 f i CoGrandImport.obj
 0001:000033a0       ??1?$CComPtrBase@UICatRegister@@@ATL@@QAE@XZ 100043a0 f i CoGrandImport.obj
 0001:000033b0       ??I?$CComPtrBase@UICatRegister@@@ATL@@QAEPAPAUICatRegister@@XZ 100043b0 f i CoGrandImport.obj
 0001:000033c0       ??C?$CComPtrBase@UICatRegister@@@ATL@@QBEPAV?$_NoAddRefReleaseOnCComPtr@UICatRegister@@@1@XZ 100043c0 f i CoGrandImport.obj
 0001:000033d0       ?GetObjectDescription@?$CComCoClass@VCGrandImport@@$1?CLSID_GrandImport@@3U_GUID@@B@ATL@@SGPBDXZ 100043d0 f i CoGrandImport.obj
 0001:000033e0       ?InitLibId@?$CAtlModuleT@VCComModule@ATL@@@ATL@@SAXXZ 100043e0 f i CoGrandImport.obj
 0001:000033f0       ?FindKey@?$CSimpleMap@PADPAGVCExpansionVectorEqualHelper@ATL@@@ATL@@QBEHABQAD@Z 100043f0 f i CoGrandImport.obj
 0001:00003440       ?FreeHeap@?$CTempBuffer@D$0EAA@VCCRTAllocator@ATL@@@ATL@@AAEXXZ 10004440 f i CoGrandImport.obj
 0001:00003450       ?FreeHeap@?$CTempBuffer@D$0BAA@VCCRTAllocator@ATL@@@ATL@@AAEXXZ 10004450 f i CoGrandImport.obj
 0001:00003460       ?FreeHeap@?$CTempBuffer@E$0BAA@VCCRTAllocator@ATL@@@ATL@@AAEXXZ 10004460 f i CoGrandImport.obj
 0001:00003470       ??0?$CComPtrBase@UITypeLib@@@ATL@@IAE@XZ 10004470 f i CoGrandImport.obj
 0001:00003480       ??0?$CComPtrBase@UICatRegister@@@ATL@@IAE@XZ 10004480 f i CoGrandImport.obj
 0001:00003490       ??0IClassFactory@@QAE@XZ   10004490 f i CoGrandImport.obj
 0001:000034a0       ??0?$CComObjectRootEx@VCComMultiThreadModel@ATL@@@ATL@@QAE@XZ 100044a0 f i CoGrandImport.obj
 0001:000034d0       ??1?$CComObjectRootEx@VCComMultiThreadModel@ATL@@@ATL@@QAE@XZ 100044d0 f i CoGrandImport.obj
 0001:000034e0       ?AllocateHeap@?$CTempBuffer@D$0EAA@VCCRTAllocator@ATL@@@ATL@@AAEXI@Z 100044e0 f i CoGrandImport.obj
 0001:00003510       ?AllocateHeap@?$CTempBuffer@D$0BAA@VCCRTAllocator@ATL@@@ATL@@AAEXI@Z 10004510 f i CoGrandImport.obj
 0001:00003540       ?AllocateHeap@?$CTempBuffer@E$0BAA@VCCRTAllocator@ATL@@@ATL@@AAEXI@Z 10004540 f i CoGrandImport.obj
 0001:00003570       ??0?$Wrapper@PAD@?$CSimpleMap@PADPAGVCExpansionVectorEqualHelper@ATL@@@ATL@@QAE@ABQAD@Z 10004570 f i CoGrandImport.obj
 0001:00003580       ??0?$Wrapper@PAG@?$CSimpleMap@PADPAGVCExpansionVectorEqualHelper@ATL@@@ATL@@QAE@ABQAG@Z 10004580 f i CoGrandImport.obj
 0001:00003590       ??0?$CComObject@VCGrandImport@@@ATL@@QAE@PAX@Z 10004590 f i CoGrandImport.obj
 0001:000035b0       ?GetTypeInfoCount@?$IDispatchImpl@UIGrandImport@@$1?IID_IGrandImport@@3U_GUID@@B$1?LIBID_COGRANDIMPORTLib@@3U3@B$00$0A@VCComTypeInfoHolder@ATL@@@ATL@@UAGJPAI@Z 100045b0 f i CoGrandImport.obj
 0001:000035c0       ?AddRef@?$CComObject@VCGrandImport@@@ATL@@UAGKXZ 100045c0 f i CoGrandImport.obj
 0001:000035d0       ?Release@?$CComObject@VCGrandImport@@@ATL@@UAGKXZ 100045d0 f i CoGrandImport.obj
 0001:00003600       ?FinalConstruct@?$CComAggObject@VCGrandImport@@@ATL@@QAEJXZ 10004600 f i CoGrandImport.obj
 0001:00003610       ??_E?$CComObject@VCGrandImport@@@ATL@@UAEPAXI@Z 10004610 f i CoGrandImport.obj
 0001:00003610       ??_G?$CComObject@VCGrandImport@@@ATL@@UAEPAXI@Z 10004610 f i CoGrandImport.obj
 0001:00003630       ??1?$CComObject@VCGrandImport@@@ATL@@UAE@XZ 10004630 f i CoGrandImport.obj
 0001:00003660       ??0?$CComObjectRootEx@VCComSingleThreadModel@ATL@@@ATL@@QAE@XZ 10004660 f i CoGrandImport.obj
 0001:00003670       ??1?$CComContainedObject@VCGrandImport@@@ATL@@UAE@XZ 10004670 f i CoGrandImport.obj
 0001:00003680       ?FinalRelease@?$CComAggObject@VCGrandImport@@@ATL@@QAEXXZ 10004680 f i CoGrandImport.obj
 0001:00003690       ??0?$CComContainedObject@VCGrandImport@@@ATL@@QAE@PAX@Z 10004690 f i CoGrandImport.obj
 0001:000036b0       ?AddRef@?$CComContainedObject@VCGrandImport@@@ATL@@UAGKXZ 100046b0 f i CoGrandImport.obj
 0001:000036c0       ?Release@?$CComContainedObject@VCGrandImport@@@ATL@@UAGKXZ 100046c0 f i CoGrandImport.obj
 0001:000036d0       ?QueryInterface@?$CComContainedObject@VCGrandImport@@@ATL@@UAGJABU_GUID@@PAPAX@Z 100046d0 f i CoGrandImport.obj
 0001:000036e0       ??_G?$CComContainedObject@VCGrandImport@@@ATL@@UAEPAXI@Z 100046e0 f i CoGrandImport.obj
 0001:000036e0       ??_E?$CComContainedObject@VCGrandImport@@@ATL@@UAEPAXI@Z 100046e0 f i CoGrandImport.obj
 0001:00003700       ?Lock@?$CComCritSecLock@VCComCriticalSection@ATL@@@ATL@@QAEJXZ 10004700 f i CoGrandImport.obj
 0001:00003720       ??2?$Wrapper@PAD@?$CSimpleMap@PADPAGVCExpansionVectorEqualHelper@ATL@@@ATL@@SAPAXIPAPAD@Z 10004720 f i CoGrandImport.obj
 0001:00003730       ??3?$Wrapper@PAD@?$CSimpleMap@PADPAGVCExpansionVectorEqualHelper@ATL@@@ATL@@SAXPAXPAPAD@Z 10004730 f i CoGrandImport.obj
 0001:00003740       ??2?$Wrapper@PAG@?$CSimpleMap@PADPAGVCExpansionVectorEqualHelper@ATL@@@ATL@@SAPAXIPAPAG@Z 10004740 f i CoGrandImport.obj
 0001:00003750       ??3?$Wrapper@PAG@?$CSimpleMap@PADPAGVCExpansionVectorEqualHelper@ATL@@@ATL@@SAXPAXPAPAG@Z 10004750 f i CoGrandImport.obj
 0001:00003760       ?Unlock@?$CComCritSecLock@VCComCriticalSection@ATL@@@ATL@@QAEXXZ 10004760 f i CoGrandImport.obj
 0001:00003780       ??0CAtlModule@ATL@@QAE@XZ  10004780 f i CoGrandImport.obj
 0001:000037d0       ?Term@CAtlModule@ATL@@QAEXXZ 100047d0 f i CoGrandImport.obj
 0001:00003820       ??1CAtlModule@ATL@@QAE@XZ  10004820 f i CoGrandImport.obj
 0001:00003870       ??1?$CAtlModuleT@VCComModule@ATL@@@ATL@@QAE@XZ 10004870 f i CoGrandImport.obj
 0001:000038c0       ??1CRegKey@ATL@@QAE@XZ     100048c0 f i CoGrandImport.obj
 0001:000038e0       ?RecurseDeleteKey@CRegKey@ATL@@QAEJPBD@Z 100048e0 f i CoGrandImport.obj
 0001:00003a40       ?ClearReplacements@CExpansionVector@ATL@@QAEJXZ 10004a40 f i CoGrandImport.obj
 0001:00003ab0       ?ClearReplacements@CRegObject@ATL@@UAGJXZ 10004ab0 f i CoGrandImport.obj
 0001:00003ae0       ??0IRegistrarBase@@QAE@XZ  10004ae0 f i CoGrandImport.obj
 0001:00003af0       ??1?$CComPtr@UITypeLib@@@ATL@@QAE@XZ 10004af0 f i CoGrandImport.obj
 0001:00003b00       ??1?$CComPtr@UICatRegister@@@ATL@@QAE@XZ 10004b00 f i CoGrandImport.obj
 0001:00003b10       ?Term@CComModule@ATL@@QAEXXZ 10004b10 f i CoGrandImport.obj
 0001:00003bb0       ??_Estringdispid@CComTypeInfoHolder@ATL@@QAEPAXI@Z 10004bb0 f i CoGrandImport.obj
 0001:00003c10       ??1CComModule@ATL@@QAE@XZ  10004c10 f i CoGrandImport.obj
 0001:00003c20       ?ExitInstance@CCoGrandImportApp@@UAEHXZ 10004c20 f   CoGrandImport.obj
 0001:00003c40       ??0?$CAtlModuleT@VCComModule@ATL@@@ATL@@QAE@XZ 10004c40 f i CoGrandImport.obj
 0001:00003c90       ??1?$CSimpleMap@PADPAGVCExpansionVectorEqualHelper@ATL@@@ATL@@QAE@XZ 10004c90 f i CoGrandImport.obj
 0001:00003cd0       ?Lookup@?$CSimpleMap@PADPAGVCExpansionVectorEqualHelper@ATL@@@ATL@@QBEPAGABQAD@Z 10004cd0 f i CoGrandImport.obj
 0001:00003d00       ??1?$CTempBuffer@D$0EAA@VCCRTAllocator@ATL@@@ATL@@QAE@XZ 10004d00 f i CoGrandImport.obj
 0001:00003d10       ??1?$CTempBuffer@D$0BAA@VCCRTAllocator@ATL@@@ATL@@QAE@XZ 10004d10 f i CoGrandImport.obj
 0001:00003d20       ??1?$CTempBuffer@E$0BAA@VCCRTAllocator@ATL@@@ATL@@QAE@XZ 10004d20 f i CoGrandImport.obj
 0001:00003d30       ??0?$CComPtr@UITypeLib@@@ATL@@QAE@XZ 10004d30 f i CoGrandImport.obj
 0001:00003d40       ??0?$CComPtr@UICatRegister@@@ATL@@QAE@XZ 10004d40 f i CoGrandImport.obj
 0001:00003d50       ?InternalSetAtIndex@?$CSimpleMap@PADPAGVCExpansionVectorEqualHelper@ATL@@@ATL@@QAEXHABQADABQAG@Z 10004d50 f i CoGrandImport.obj
 0001:00003d80       ?AllocateBytes@?$CTempBuffer@D$0EAA@VCCRTAllocator@ATL@@@ATL@@QAEPADI@Z 10004d80 f i CoGrandImport.obj
 0001:00003db0       ?AllocateBytes@?$CTempBuffer@D$0BAA@VCCRTAllocator@ATL@@@ATL@@QAEPADI@Z 10004db0 f i CoGrandImport.obj
 0001:00003de0       ?AllocateBytes@?$CTempBuffer@E$0BAA@VCCRTAllocator@ATL@@@ATL@@QAEPAEI@Z 10004de0 f i CoGrandImport.obj
 0001:00003e10       ?CreateInstance@?$CComCreator@V?$CComObject@VCGrandImport@@@ATL@@@ATL@@SGJPAXABU_GUID@@PAPAX@Z 10004e10 f i CoGrandImport.obj
 0001:00003ef0       ??0CComClassFactory@ATL@@QAE@XZ 10004ef0 f i CoGrandImport.obj
 0001:00003f30       ?CreateInstance@CComClassFactory@ATL@@UAGJPAUIUnknown@@ABU_GUID@@PAPAX@Z 10004f30 f i CoGrandImport.obj
 0001:00003f90       ?LockServer@CComClassFactory@ATL@@UAGJH@Z 10004f90 f i CoGrandImport.obj
 0001:00003fc0       ??1CComClassFactory@ATL@@QAE@XZ 10004fc0 f i CoGrandImport.obj
 0001:00003fe0       ?QueryInterface@?$CComObject@VCGrandImport@@@ATL@@UAGJABU_GUID@@PAPAX@Z 10004fe0 f i CoGrandImport.obj
 0001:00004000       ?AtlInternalQueryInterface@ATL@@YGJPAXPBU_ATL_INTMAP_ENTRY@1@ABU_GUID@@PAPAX@Z 10005000 f i CoGrandImport.obj
 0001:000040d0       ??0?$CComAggObject@VCGrandImport@@@ATL@@QAE@PAX@Z 100050d0 f i CoGrandImport.obj
 0001:00004140       ?AddRef@?$CComAggObject@VCGrandImport@@@ATL@@UAGKXZ 10005140 f i CoGrandImport.obj
 0001:00004150       ??1?$CComAggObject@VCGrandImport@@@ATL@@QAE@XZ 10005150 f i CoGrandImport.obj
 0001:000041b0       ?QueryInterface@?$CComAggObject@VCGrandImport@@@ATL@@UAGJABU_GUID@@PAPAX@Z 100051b0 f i CoGrandImport.obj
 0001:00004220       ??0?$CComCritSecLock@VCComCriticalSection@ATL@@@ATL@@QAE@AAVCComCriticalSection@1@_N@Z 10005220 f i CoGrandImport.obj
 0001:00004250       ??1?$CComCritSecLock@VCComCriticalSection@ATL@@@ATL@@QAE@XZ 10005250 f i CoGrandImport.obj
 0001:00004270       ??0CComModule@ATL@@QAE@XZ  10005270 f i CoGrandImport.obj
 0001:000042c0       ?Lock@CAtlModule@ATL@@UAEJXZ 100052c0 f i CoGrandImport.obj
 0001:000042d0       ?Unlock@CAtlModule@ATL@@UAEJXZ 100052d0 f i CoGrandImport.obj
 0001:000042e0       ?GetGITPtr@CAtlModule@ATL@@UAEJPAPAUIGlobalInterfaceTable@@@Z 100052e0 f i CoGrandImport.obj
 0001:00004330       ?UpdateRegistryFromResourceD@CComModule@ATL@@UAGJPBDHPAU_ATL_REGMAP_ENTRY@2@@Z 10005330 f i CoGrandImport.obj
 0001:00004340       ?UpdateRegistryFromResourceD@CComModule@ATL@@UAGJIHPAU_ATL_REGMAP_ENTRY@2@@Z 10005340 f i CoGrandImport.obj
 0001:00004350       ?AddCommonRGSReplacements@?$CAtlModuleT@VCComModule@ATL@@@ATL@@UAEJPAUIRegistrarBase@@@Z 10005350 f i CoGrandImport.obj
 0001:00004370       ??1CExpansionVector@ATL@@QAE@XZ 10005370 f i CoGrandImport.obj
 0001:000043e0       ??1CRegObject@ATL@@QAE@XZ  100053e0 f i CoGrandImport.obj
 0001:00004450       ?QueryInterface@CRegObject@ATL@@UAGJABU_GUID@@PAPAX@Z 10005450 f i CoGrandImport.obj
 0001:00004460       ?AddRef@CRegObject@ATL@@UAGKXZ 10005460 f i CoGrandImport.obj
 0001:00004470       ?Release@CRegObject@ATL@@UAGKXZ 10005470 f i CoGrandImport.obj
 0001:00004480       ?StrFromMap@CRegObject@ATL@@QAEPBGPAD@Z 10005480 f i CoGrandImport.obj
 0001:000044d0       ?PreProcessBuffer@CRegParser@ATL@@QAEJPADPAPAD@Z 100054d0 f i CoGrandImport.obj
 0001:000046e0       ??0CExpansionVector@ATL@@QAE@XZ 100056e0 f i CoGrandImport.obj
 0001:000046f0       ?AtlUnRegisterTypeLib@ATL@@YGJPAUHINSTANCE__@@PBG@Z 100056f0 f i CoGrandImport.obj
 0001:00004790       ?AtlRegisterTypeLib@ATL@@YGJPAUHINSTANCE__@@PBG@Z 10005790 f i CoGrandImport.obj
 0001:00004880       ?AtlRegisterClassCategoriesHelper@ATL@@YGJABU_GUID@@PBU_ATL_CATMAP_ENTRY@1@H@Z 10005880 f i CoGrandImport.obj
 0001:00004b10       ?AtlComModuleGetClassObject@ATL@@YGJPAU_ATL_COM_MODULE70@1@ABU_GUID@@1PAPAX@Z 10005b10 f i CoGrandImport.obj
 0001:00004c40       ?Add@?$CSimpleMap@PADPAGVCExpansionVectorEqualHelper@ATL@@@ATL@@QAEHABQADABQAG@Z 10005c40 f i CoGrandImport.obj
 0001:00004cb0       ?Allocate@?$CTempBuffer@D$0EAA@VCCRTAllocator@ATL@@@ATL@@QAEPADI@Z 10005cb0 f i CoGrandImport.obj
 0001:00004ce0       ?Allocate@?$CTempBuffer@D$0BAA@VCCRTAllocator@ATL@@@ATL@@QAEPADI@Z 10005ce0 f i CoGrandImport.obj
 0001:00004d10       ?Allocate@?$CTempBuffer@E$0BAA@VCCRTAllocator@ATL@@@ATL@@QAEPAEI@Z 10005d10 f i CoGrandImport.obj
 0001:00004d40       ??0?$CComObjectCached@VCComClassFactory@ATL@@@ATL@@QAE@PAX@Z 10005d40 f i CoGrandImport.obj
 0001:00004dd0       ?AddRef@?$CComObjectCached@VCComClassFactory@ATL@@@ATL@@UAGKXZ 10005dd0 f i CoGrandImport.obj
 0001:00004e10       ?QueryInterface@?$CComObjectCached@VCComClassFactory@ATL@@@ATL@@UAGJABU_GUID@@PAPAX@Z 10005e10 f i CoGrandImport.obj
 0001:00004e30       ??1?$CComObjectCached@VCComClassFactory@ATL@@@ATL@@QAE@XZ 10005e30 f i CoGrandImport.obj
 0001:00004e60       ??_G?$CComAggObject@VCGrandImport@@@ATL@@QAEPAXI@Z 10005e60 f i CoGrandImport.obj
 0001:00004e80       ?Release@?$CComAggObject@VCGrandImport@@@ATL@@UAGKXZ 10005e80 f i CoGrandImport.obj
 0001:00004eb0       ?Add@CExpansionVector@ATL@@QAEHPBDPBG@Z 10005eb0 f i CoGrandImport.obj
 0001:00005000       ?AddReplacement@CRegObject@ATL@@UAGJPBG0@Z 10006000 f i CoGrandImport.obj
 0001:00005090       ?AddValue@CRegParser@ATL@@IAEJAAVCRegKey@2@PBDPAD@Z 10006090 f i CoGrandImport.obj
 0001:00005420       ?RegisterSubkeys@CRegParser@ATL@@IAEJPADPAUHKEY__@@HH@Z 10006420 f i CoGrandImport.obj
 0001:00005a80       ??0CRegObject@ATL@@QAE@XZ  10006a80 f i CoGrandImport.obj
 0001:00005af0       ?AtlComModuleRegisterServer@ATL@@YGJPAU_ATL_COM_MODULE70@1@HPBU_GUID@@@Z 10006af0 f i CoGrandImport.obj
 0001:00005b80       ?AtlComModuleUnregisterServer@ATL@@YGJPAU_ATL_COM_MODULE70@1@HPBU_GUID@@@Z 10006b80 f i CoGrandImport.obj
 0001:00005c10       ?GetClassObject@CComModule@ATL@@QAEJABU_GUID@@0PAPAX@Z 10006c10 f i CoGrandImport.obj
 0001:00005d10       _DllGetClassObject@12      10006d10 f   CoGrandImport.obj
 0001:00005d20       ??_G?$CComObjectCached@VCComClassFactory@ATL@@@ATL@@QAEPAXI@Z 10006d20 f i CoGrandImport.obj
 0001:00005d40       ?Release@?$CComObjectCached@VCComClassFactory@ATL@@@ATL@@UAGKXZ 10006d40 f i CoGrandImport.obj
 0001:00005da0       ?CreateInstance@?$CComCreator@V?$CComAggObject@VCGrandImport@@@ATL@@@ATL@@SGJPAXABU_GUID@@PAPAX@Z 10006da0 f i CoGrandImport.obj
 0001:00005e70       ?RegisterServer@CAtlComModule@ATL@@QAEJHPBU_GUID@@@Z 10006e70 f i CoGrandImport.obj
 0001:00005e90       ?UnregisterServer@CAtlComModule@ATL@@QAEJHPBU_GUID@@@Z 10006e90 f i CoGrandImport.obj
 0001:00005eb0       ?RegisterBuffer@CRegParser@ATL@@QAEJPADH@Z 10006eb0 f i CoGrandImport.obj
 0001:00006000       ?RegisterServer@?$CAtlModuleT@VCComModule@ATL@@@ATL@@QAEJHPBU_GUID@@@Z 10007000 f i CoGrandImport.obj
 0001:00006040       ?UnregisterServer@?$CAtlModuleT@VCComModule@ATL@@@ATL@@QAEJHPBU_GUID@@@Z 10007040 f i CoGrandImport.obj
 0001:00006070       ?GetTypeInfo@?$IDispatchImpl@UIGrandImport@@$1?IID_IGrandImport@@3U_GUID@@B$1?LIBID_COGRANDIMPORTLib@@3U3@B$00$0A@VCComTypeInfoHolder@ATL@@@ATL@@UAGJIKPAPAUITypeInfo@@@Z 10007070 f i CoGrandImport.obj
 0001:00006090       ?GetTI@CComTypeInfoHolder@ATL@@QAEJKPAPAUITypeInfo@@@Z 10007090 f i CoGrandImport.obj
 0001:000060e0       ?GetTI@CComTypeInfoHolder@ATL@@QAEJK@Z 100070e0 f i CoGrandImport.obj
 0001:00006340       ??1?$CComPtr@UITypeInfo@@@ATL@@QAE@XZ 10007340 f i CoGrandImport.obj
 0001:00006350       ?LoadNameCache@CComTypeInfoHolder@ATL@@QAEJPAUITypeInfo@@@Z 10007350 f i CoGrandImport.obj
 0001:00006520       ??0stringdispid@CComTypeInfoHolder@ATL@@QAE@XZ 10007520 f i CoGrandImport.obj
 0001:00006530       ??1?$CComPtr@UITypeInfo2@@@ATL@@QAE@XZ 10007530 f i CoGrandImport.obj
 0001:00006540       ??4?$CComPtr@UITypeInfo@@@ATL@@QAEPAUITypeInfo@@ABV?$CComPtr@UITypeInfo2@@@1@@Z 10007540 f i CoGrandImport.obj
 0001:00006580       ?AtlModuleAddTermFunc@ATL@@YGJPAU_ATL_MODULE70@1@P6GXK@ZK@Z 10007580 f i CoGrandImport.obj
 0001:00006650       ?Cleanup@CComTypeInfoHolder@ATL@@SGXK@Z 10007650 f i CoGrandImport.obj
 0001:000066a0       ?GetIDsOfNames@?$IDispatchImpl@UIGrandImport@@$1?IID_IGrandImport@@3U_GUID@@B$1?LIBID_COGRANDIMPORTLib@@3U3@B$00$0A@VCComTypeInfoHolder@ATL@@@ATL@@UAGJABU_GUID@@PAPAGIKPAJ@Z 100076a0 f i CoGrandImport.obj
 0001:000066d0       ?GetIDsOfNames@CComTypeInfoHolder@ATL@@QAEJABU_GUID@@PAPAGIKPAJ@Z 100076d0 f i CoGrandImport.obj
 0001:00006810       ?Invoke@?$IDispatchImpl@UIGrandImport@@$1?IID_IGrandImport@@3U_GUID@@B$1?LIBID_COGRANDIMPORTLib@@3U3@B$00$0A@VCComTypeInfoHolder@ATL@@@ATL@@UAGJJABU_GUID@@KGPAUtagDISPPARAMS@@PAUtagVARIANT@@PAUtagEXCEPINFO@@PAI@Z 10007810 f i CoGrandImport.obj
 0001:00006870       ?CreateInstance@?$CComCreator@V?$CComObjectCached@VCComClassFactory@ATL@@@ATL@@@ATL@@SGJPAXABU_GUID@@PAPAX@Z 10007870 f i CoGrandImport.obj
 0001:00006960       ?CreateInstance@?$CComCreator2@V?$CComCreator@V?$CComObject@VCGrandImport@@@ATL@@@ATL@@V?$CComCreator@V?$CComAggObject@VCGrandImport@@@ATL@@@2@@ATL@@SGJPAXABU_GUID@@PAPAX@Z 10007960 f i CoGrandImport.obj
 0001:00006980       ?RegisterFromResource@CRegObject@ATL@@IAEJPBGPBD1H@Z 10007980 f i CoGrandImport.obj
 0001:00006b50       ?ResourceRegister@CRegObject@ATL@@QAGJPBGI0@Z 10007b50 f i CoGrandImport.obj
 0001:00006bd0       ?ResourceUnregister@CRegObject@ATL@@QAGJPBGI0@Z 10007bd0 f i CoGrandImport.obj
 0001:00006c50       ?UpdateRegistryFromResourceS@CAtlModule@ATL@@QAGJIHPAU_ATL_REGMAP_ENTRY@2@@Z 10007c50 f i CoGrandImport.obj
 0001:00006da0       ?RegisterServer@CComModule@ATL@@QAEJHPBU_GUID@@@Z 10007da0 f i CoGrandImport.obj
 0001:00006e30       ?UnregisterServer@CComModule@ATL@@QAEJHPBU_GUID@@@Z 10007e30 f i CoGrandImport.obj
 0001:00006eb0       _DllRegisterServer@0       10007eb0 f   CoGrandImport.obj
 0001:00006ec0       _DllUnregisterServer@0     10007ec0 f   CoGrandImport.obj
 0001:00006ed0       ?UpdateRegistryFromResourceS@CComModule@ATL@@UAGJPBDHPAU_ATL_REGMAP_ENTRY@2@@Z 10007ed0 f i CoGrandImport.obj
 0001:00006ee0       ?UpdateRegistryFromResourceS@CAtlModule@ATL@@QAGJPBDHPAU_ATL_REGMAP_ENTRY@2@@Z 10007ee0 f i CoGrandImport.obj
 0001:00007090       ?ResourceRegisterSz@CRegObject@ATL@@QAGJPBG00@Z 10008090 f i CoGrandImport.obj
 0001:00007130       ?ResourceUnregisterSz@CRegObject@ATL@@QAGJPBG00@Z 10008130 f i CoGrandImport.obj
 0001:000071d0       ?UpdateRegistryFromResourceS@CComModule@ATL@@UAGJIHPAU_ATL_REGMAP_ENTRY@2@@Z 100081d0 f i CoGrandImport.obj
 0001:000071e0       ?UpdateRegistry@CGrandImport@@SGJH@Z 100081e0 f i CoGrandImport.obj
 0001:00007200       __tcscmp                   10008200 f i DirUtilities.obj
 0001:00007210       ?AfxGetMainWnd@@YGPAVCWnd@@XZ 10008210 f i DirUtilities.obj
 0001:00007230       ?Cancelled@CProgressWnd@@QAEHXZ 10008230 f i DirUtilities.obj
 0001:00007240       ??0CDirUtilities@@QAE@_N@Z 10008240 f   DirUtilities.obj
 0001:00007260       ??0CDirUtilities@@QAE@XZ   10008260 f   DirUtilities.obj
 0001:00007270       ??1CDirUtilities@@UAE@XZ   10008270 f   DirUtilities.obj
 0001:00007280       ?FileExists@CDirUtilities@@QAE_NPBD0@Z 10008280 f   DirUtilities.obj
 0001:00007330       ?FileExists@CDirUtilities@@QAE_NPBD@Z 10008330 f   DirUtilities.obj
 0001:00007350       ?IsDots@CDirUtilities@@QAE_NPBD@Z 10008350 f   DirUtilities.obj
 0001:00007390       ??B?$CSimpleStringT@D@ATL@@QBEPBDXZ 10008390 f i DirUtilities.obj
 0001:000073a0       ?GetAt@?$CSimpleStringT@D@ATL@@QBEDH@Z 100083a0 f i DirUtilities.obj
 0001:000073b0       ?CharNextA@?$ChTraitsCRT@D@ATL@@SAPADPBD@Z 100083b0 f i DirUtilities.obj
 0001:000073c0       ?IsSpace@?$ChTraitsCRT@D@ATL@@SAHD@Z 100083c0 f i DirUtilities.obj
 0001:000073d0       ?StringFindString@?$ChTraitsCRT@D@ATL@@SAPBDPBD0@Z 100083d0 f i DirUtilities.obj
 0001:000073e0       ?StringFindChar@?$ChTraitsCRT@D@ATL@@SAPBDPBDD@Z 100083e0 f i DirUtilities.obj
 0001:000073f0       ?StringFindCharRev@?$ChTraitsCRT@D@ATL@@SAPBDPBDD@Z 100083f0 f i DirUtilities.obj
 0001:00007400       ?StringSpanIncluding@?$ChTraitsCRT@D@ATL@@SAHPBD0@Z 10008400 f i DirUtilities.obj
 0001:00007410       ?StringUppercase@?$ChTraitsCRT@D@ATL@@SAPADPAD@Z 10008410 f i DirUtilities.obj
 0001:00007420       ?StringCompare@?$ChTraitsCRT@D@ATL@@SAHPBD0@Z 10008420 f i DirUtilities.obj
 0001:00007430       ?GetFormattedLength@?$ChTraitsCRT@D@ATL@@SAHPBDPAD@Z 10008430 f i DirUtilities.obj
 0001:00007440       ?Format@?$ChTraitsCRT@D@ATL@@SAHPADPBD0@Z 10008440 f i DirUtilities.obj
 0001:00007450       ??_GCDirUtilities@@UAEPAXI@Z 10008450 f i DirUtilities.obj
 0001:00007450       ??_ECDirUtilities@@UAEPAXI@Z 10008450 f i DirUtilities.obj
 0001:00007470       ?FileExists@CDirUtilities@@QAE_NABV?$CStringT@DV?$StrTraitMFC@DV?$ChTraitsCRT@D@ATL@@@@@ATL@@@Z 10008470 f   DirUtilities.obj
 0001:00007490       ?ReverseFind@?$CStringT@DV?$StrTraitMFC@DV?$ChTraitsCRT@D@ATL@@@@@ATL@@QBEHD@Z 10008490 f i DirUtilities.obj
 0001:000074c0       ?IsEmpty@?$CSimpleStringT@D@ATL@@QBE_NXZ 100084c0 f i DirUtilities.obj
 0001:000074d0       ?Compare@?$CStringT@DV?$StrTraitMFC@DV?$ChTraitsCRT@D@ATL@@@@@ATL@@QBEHPBD@Z 100084d0 f i DirUtilities.obj
 0001:000074f0       ?GetManager@?$CSimpleStringT@D@ATL@@QBEPAUIAtlStringMgr@2@XZ 100084f0 f i DirUtilities.obj
 0001:00007500       ??0?$CSimpleStringT@D@ATL@@QAE@PBDHPAUIAtlStringMgr@1@@Z 10008500 f i DirUtilities.obj
 0001:00007550       ?Find@?$CStringT@DV?$StrTraitMFC@DV?$ChTraitsCRT@D@ATL@@@@@ATL@@QBEHDH@Z 10008550 f i DirUtilities.obj
 0001:00007580       ?Find@?$CStringT@DV?$StrTraitMFC@DV?$ChTraitsCRT@D@ATL@@@@@ATL@@QBEHPBDH@Z 10008580 f i DirUtilities.obj
 0001:000075b0       ??8ATL@@YA_NABV?$CStringT@DV?$StrTraitMFC@DV?$ChTraitsCRT@D@ATL@@@@@0@0@Z 100085b0 f i DirUtilities.obj
 0001:000075d0       ??9ATL@@YA_NABV?$CStringT@DV?$StrTraitMFC@DV?$ChTraitsCRT@D@ATL@@@@@0@PBD@Z 100085d0 f i DirUtilities.obj
 0001:000075f0       ??0?$CStringT@DV?$StrTraitMFC@DV?$ChTraitsCRT@D@ATL@@@@@ATL@@QAE@PAUIAtlStringMgr@1@@Z 100085f0 f i DirUtilities.obj
 0001:00007610       ??0?$CStringT@DV?$StrTraitMFC@DV?$ChTraitsCRT@D@ATL@@@@@ATL@@QAE@PBDHPAUIAtlStringMgr@1@@Z 10008610 f i DirUtilities.obj
 0001:00007660       ?GetBuffer@?$CSimpleStringT@D@ATL@@QAEPADXZ 10008660 f i DirUtilities.obj
 0001:00007680       ?Delete@?$CStringT@DV?$StrTraitMFC@DV?$ChTraitsCRT@D@ATL@@@@@ATL@@QAEHHH@Z 10008680 f i DirUtilities.obj
 0001:00007710       ?Right@?$CStringT@DV?$StrTraitMFC@DV?$ChTraitsCRT@D@ATL@@@@@ATL@@QBE?AV12@H@Z 10008710 f i DirUtilities.obj
 0001:000077a0       ?Left@?$CStringT@DV?$StrTraitMFC@DV?$ChTraitsCRT@D@ATL@@@@@ATL@@QBE?AV12@H@Z 100087a0 f i DirUtilities.obj
 0001:00007820       ?SpanIncluding@?$CStringT@DV?$StrTraitMFC@DV?$ChTraitsCRT@D@ATL@@@@@ATL@@QBE?AV12@PBD@Z 10008820 f i DirUtilities.obj
 0001:00007860       ?Mid@?$CStringT@DV?$StrTraitMFC@DV?$ChTraitsCRT@D@ATL@@@@@ATL@@QBE?AV12@HH@Z 10008860 f i DirUtilities.obj
 0001:00007910       ?FormatV@?$CStringT@DV?$StrTraitMFC@DV?$ChTraitsCRT@D@ATL@@@@@ATL@@QAEXPBDPAD@Z 10008910 f i DirUtilities.obj
 0001:00007970       ?Truncate@?$CSimpleStringT@D@ATL@@QAEXH@Z 10008970 f i DirUtilities.obj
 0001:000079b0       ?Concatenate@?$CSimpleStringT@D@ATL@@KAXAAV12@PBDH1H@Z 100089b0 f i DirUtilities.obj
 0001:00007a30       ?Append@?$CSimpleStringT@D@ATL@@QAEXPBDH@Z 10008a30 f i DirUtilities.obj
 0001:00007ab0       ?MakeUpper@?$CStringT@DV?$StrTraitMFC@DV?$ChTraitsCRT@D@ATL@@@@@ATL@@QAEAAV12@XZ 10008ab0 f i DirUtilities.obj
 0001:00007af0       ?TrimRight@?$CStringT@DV?$StrTraitMFC@DV?$ChTraitsCRT@D@ATL@@@@@ATL@@QAEAAV12@XZ 10008af0 f i DirUtilities.obj
 0001:00007b60       ?Mid@?$CStringT@DV?$StrTraitMFC@DV?$ChTraitsCRT@D@ATL@@@@@ATL@@QBE?AV12@H@Z 10008b60 f i DirUtilities.obj
 0001:00007b90       ?Format@?$CStringT@DV?$StrTraitMFC@DV?$ChTraitsCRT@D@ATL@@@@@ATL@@QAAXPBDZZ 10008b90 f i DirUtilities.obj
 0001:00007bb0       ??HATL@@YA?AV?$CStringT@DV?$StrTraitMFC@DV?$ChTraitsCRT@D@ATL@@@@@0@ABV10@0@Z 10008bb0 f i DirUtilities.obj
 0001:00007c60       ??HATL@@YA?AV?$CStringT@DV?$StrTraitMFC@DV?$ChTraitsCRT@D@ATL@@@@@0@ABV10@PBD@Z 10008c60 f i DirUtilities.obj
 0001:00007d20       ?Append@?$CSimpleStringT@D@ATL@@QAEXPBD@Z 10008d20 f i DirUtilities.obj
 0001:00007d60       ?Append@?$CSimpleStringT@D@ATL@@QAEXABV12@@Z 10008d60 f i DirUtilities.obj
 0001:00007d80       ?FileExists@CDirUtilities@@QAE_NABV?$CStringT@DV?$StrTraitMFC@DV?$ChTraitsCRT@D@ATL@@@@@ATL@@0@Z 10008d80 f   DirUtilities.obj
 0001:00007dd0       ?OverwriteDbQuestion@CDirUtilities@@QAE_NABV?$CStringT@DV?$StrTraitMFC@DV?$ChTraitsCRT@D@ATL@@@@@ATL@@@Z 10008dd0 f   DirUtilities.obj
 0001:00007ea0       ??Y?$CSimpleStringT@D@ATL@@QAEAAV01@ABV01@@Z 10008ea0 f i DirUtilities.obj
 0001:00007ec0       ??Y?$CSimpleStringT@D@ATL@@QAEAAV01@PBD@Z 10008ec0 f i DirUtilities.obj
 0001:00007f00       ?StripPathFromFilename@CDirUtilities@@QAE?AV?$CStringT@DV?$StrTraitMFC@DV?$ChTraitsCRT@D@ATL@@@@@ATL@@ABV23@@Z 10008f00 f   DirUtilities.obj
 0001:00007ff0       ??4?$CStringT@DV?$StrTraitMFC@DV?$ChTraitsCRT@D@ATL@@@@@ATL@@QAEAAV01@D@Z 10008ff0 f i DirUtilities.obj
 0001:00008030       ??Y?$CStringT@DV?$StrTraitMFC@DV?$ChTraitsCRT@D@ATL@@@@@ATL@@QAEAAV01@ABV?$CSimpleStringT@D@1@@Z 10009030 f i DirUtilities.obj
 0001:00008050       ??Y?$CStringT@DV?$StrTraitMFC@DV?$ChTraitsCRT@D@ATL@@@@@ATL@@QAEAAV01@PBD@Z 10009050 f i DirUtilities.obj
 0001:00008090       ?AppendBackslash@CDirUtilities@@QAE?AV?$CStringT@DV?$StrTraitMFC@DV?$ChTraitsCRT@D@ATL@@@@@ATL@@ABV23@@Z 10009090 f   DirUtilities.obj
 0001:00008190       ?AppendBackslash@CDirUtilities@@QAEXAAV?$CStringT@DV?$StrTraitMFC@DV?$ChTraitsCRT@D@ATL@@@@@ATL@@@Z 10009190 f   DirUtilities.obj
 0001:00008210       ?AddDriveLetter@CDirUtilities@@QAE?AV?$CStringT@DV?$StrTraitMFC@DV?$ChTraitsCRT@D@ATL@@@@@ATL@@ABV23@@Z 10009210 f   DirUtilities.obj
 0001:00008420       ?GetDirectorySize@CDirUtilities@@QAEXABV?$CStringT@DV?$StrTraitMFC@DV?$ChTraitsCRT@D@ATL@@@@@ATL@@PANPAH@Z 10009420 f   DirUtilities.obj
 0001:00008590       ?AppendPath@CDirUtilities@@QAE?AV?$CStringT@DV?$StrTraitMFC@DV?$ChTraitsCRT@D@ATL@@@@@ATL@@ABV23@0@Z 10009590 f   DirUtilities.obj
 0001:00008650       ?CopyDirectory@CDirUtilities@@QAE_NABV?$CStringT@DV?$StrTraitMFC@DV?$ChTraitsCRT@D@ATL@@@@@ATL@@0_N@Z 10009650 f   DirUtilities.obj
 0001:00008be0       ?DeleteDirectory@CDirUtilities@@QAE_NPBDPAV?$CStringT@DV?$StrTraitMFC@DV?$ChTraitsCRT@D@ATL@@@@@ATL@@@Z 10009be0 f   DirUtilities.obj
 0001:00008f10       ?BuildPath@CDirUtilities@@QAE?AV?$CStringT@DV?$StrTraitMFC@DV?$ChTraitsCRT@D@ATL@@@@@ATL@@V23@0_N@Z 10009f10 f   DirUtilities.obj
 0001:000098a0       ??0CTime@ATL@@QAE@_J@Z     1000a8a0 f i ErrorProcessing.obj
 0001:000098c0       ?GetLocalTm@CTime@ATL@@QBEPAUtm@@PAU3@@Z 1000a8c0 f i ErrorProcessing.obj
 0001:000098f0       ?GetAsSystemTime@CTime@ATL@@QBE_NAAU_SYSTEMTIME@@@Z 1000a8f0 f i ErrorProcessing.obj
 0001:00009950       ??1CObject@@UAE@XZ         1000a950 f i ErrorProcessing.obj
 0001:00009960       ??1CException@@UAE@XZ      1000a960 f i ErrorProcessing.obj
 0001:00009970       ??0COleDateTime@ATL@@QAE@XZ 1000a970 f i ErrorProcessing.obj
 0001:00009980       ??0COleDateTime@ATL@@QAE@N@Z 1000a980 f i ErrorProcessing.obj
 0001:000099a0       ?GetStatus@COleDateTime@ATL@@QBE?AW4DateTimeStatus@12@XZ 1000a9a0 f i ErrorProcessing.obj
 0001:000099b0       ??4COleDateTime@ATL@@QAEAAV01@AB_J@Z 1000a9b0 f i ErrorProcessing.obj
 0001:00009a10       ?CheckError@_com_util@@YAXJ@Z 1000aa10 f i ErrorProcessing.obj
 0001:00009a20       ??0_variant_t@@QAE@ABUtagVARIANT@@@Z 1000aa20 f i ErrorProcessing.obj
 0001:00009a50       ??1_variant_t@@QAE@XZ      1000aa50 f i ErrorProcessing.obj
 0001:00009a70       ?HRESULTToWCode@_com_error@@SAGJ@Z 1000aa70 f i ErrorProcessing.obj
 0001:00009a90       ?SetVerbosity@CErrorProcessing@@QAEXF@Z 1000aa90 f i ErrorProcessing.obj
 0001:00009aa0       ?SetGetLastErrorSeverity@CErrorProcessing@@QAEXXZ 1000aaa0 f   ErrorProcessing.obj
 0001:00009b10       ?GetRuntimeClass@CAdodbException@@UBEPAUCRuntimeClass@@XZ 1000ab10 f   ErrorProcessing.obj
 0001:00009b20       ??0CAdodbException@@QAE@XZ 1000ab20 f   ErrorProcessing.obj
 0001:00009b50       ??0CAdodbException@@QAE@PAD@Z 1000ab50 f   ErrorProcessing.obj
 0001:00009b80       ?SetErrorString@CAdodbException@@QAEXPBD@Z 1000ab80 f   ErrorProcessing.obj
 0001:00009ba0       ?GetErrorMessage@CAdodbException@@UAEHPADIPAI@Z 1000aba0 f   ErrorProcessing.obj
 0001:00009bd0       ??0?$_com_ptr_t@V?$_com_IIID@UIIRSLogger@@$1?_GUID_6ea80b01_602d_47fd_b15c_7e0726f3a396@@3U__s_GUID@@B@@@@QAE@XZ 1000abd0 f i ErrorProcessing.obj
 0001:00009be0       ??C?$_com_ptr_t@V?$_com_IIID@UIIRSLogger@@$1?_GUID_6ea80b01_602d_47fd_b15c_7e0726f3a396@@3U__s_GUID@@B@@@@QBEPAUIIRSLogger@@XZ 1000abe0 f i ErrorProcessing.obj
 0001:00009c00       ??B?$_com_ptr_t@V?$_com_IIID@UIIRSLogger@@$1?_GUID_6ea80b01_602d_47fd_b15c_7e0726f3a396@@3U__s_GUID@@B@@@@QBE_NXZ 1000ac00 f i ErrorProcessing.obj
 0001:00009c10       ?AllocSysString@?$ChTraitsCRT@D@ATL@@SAPAGPBDH@Z 1000ac10 f i ErrorProcessing.obj
 0001:00009c60       ?_Release@?$_com_ptr_t@V?$_com_IIID@UIIRSLogger@@$1?_GUID_6ea80b01_602d_47fd_b15c_7e0726f3a396@@3U__s_GUID@@B@@@@AAEXXZ 1000ac60 f i ErrorProcessing.obj
 0001:00009c70       ?_AddRef@?$_com_ptr_t@V?$_com_IIID@UIIRSLogger@@$1?_GUID_6ea80b01_602d_47fd_b15c_7e0726f3a396@@3U__s_GUID@@B@@@@AAEXXZ 1000ac70 f i ErrorProcessing.obj
 0001:00009c80       ?GetIID@?$_com_IIID@UIIRSLogger@@$1?_GUID_6ea80b01_602d_47fd_b15c_7e0726f3a396@@3U__s_GUID@@B@@SAABU_GUID@@XZ 1000ac80 f i ErrorProcessing.obj
 0001:00009c90       ??0COleDateTime@ATL@@QAE@_J@Z 1000ac90 f i ErrorProcessing.obj
 0001:00009cb0       ?WCode@_com_error@@QBEGXZ  1000acb0 f i ErrorProcessing.obj
 0001:00009cd0       ?ErrorMessage@_com_error@@QBEPBDXZ 1000acd0 f i ErrorProcessing.obj
 0001:00009da0       ?GetSeverityFromINIFile@CErrorProcessing@@QAEJJ@Z 1000ada0 f   ErrorProcessing.obj
 0001:00009df0       ??_GCAdodbException@@UAEPAXI@Z 1000adf0 f i ErrorProcessing.obj
 0001:00009df0       ??_ECAdodbException@@UAEPAXI@Z 1000adf0 f i ErrorProcessing.obj
 0001:00009e10       ??1CAdodbException@@UAE@XZ 1000ae10 f i ErrorProcessing.obj
 0001:00009e20       ??0CAdodbException@@QAE@AAV?$CStringT@DV?$StrTraitMFC@DV?$ChTraitsCRT@D@ATL@@@@@ATL@@@Z 1000ae20 f   ErrorProcessing.obj
 0001:00009e50       ?SetErrorString@CAdodbException@@QAEXAAV?$CStringT@DV?$StrTraitMFC@DV?$ChTraitsCRT@D@ATL@@@@@ATL@@@Z 1000ae50 f   ErrorProcessing.obj
 0001:00009e70       ?ReleaseBuffer@?$CSimpleStringT@D@ATL@@QAEXH@Z 1000ae70 f i ErrorProcessing.obj
 0001:00009eb0       ??1?$_com_ptr_t@V?$_com_IIID@UIIRSLogger@@$1?_GUID_6ea80b01_602d_47fd_b15c_7e0726f3a396@@3U__s_GUID@@B@@@@QAE@XZ 1000aeb0 f i ErrorProcessing.obj
 0001:00009ec0       ?GetIID@?$_com_ptr_t@V?$_com_IIID@UIIRSLogger@@$1?_GUID_6ea80b01_602d_47fd_b15c_7e0726f3a396@@3U__s_GUID@@B@@@@SAABU_GUID@@XZ 1000aec0 f i ErrorProcessing.obj
 0001:00009ed0       ??4?$_com_ptr_t@V?$_com_IIID@UIIRSLogger@@$1?_GUID_6ea80b01_602d_47fd_b15c_7e0726f3a396@@3U__s_GUID@@B@@@@QAEAAV0@PAUIIRSLogger@@@Z 1000aed0 f i ErrorProcessing.obj
 0001:00009f00       ?GetTickCount@COleDateTime@ATL@@SG?AV12@XZ 1000af00 f i ErrorProcessing.obj
 0001:00009f50       ?AllocSysString@?$CStringT@DV?$StrTraitMFC@DV?$ChTraitsCRT@D@ATL@@@@@ATL@@QBEPAGXZ 1000af50 f i ErrorProcessing.obj
 0001:00009fa0       ??4?$_com_ptr_t@V?$_com_IIID@UIIRSLogger@@$1?_GUID_6ea80b01_602d_47fd_b15c_7e0726f3a396@@3U__s_GUID@@B@@@@QAEAAV0@H@Z 1000afa0 f i ErrorProcessing.obj
 0001:00009fd0       ?CreateInstance@?$_com_ptr_t@V?$_com_IIID@UIIRSLogger@@$1?_GUID_6ea80b01_602d_47fd_b15c_7e0726f3a396@@3U__s_GUID@@B@@@@QAEJABU_GUID@@PAUIUnknown@@K@Z 1000afd0 f i ErrorProcessing.obj
 0001:0000a060       ??1CErrorProcessing@@UAE@XZ 1000b060 f   ErrorProcessing.obj
 0001:0000a540       ?GetBufferSetLength@?$CSimpleStringT@D@ATL@@QAEPADH@Z 1000b540 f i ErrorProcessing.obj
 0001:0000a580       ?Startup@IIRSLogger@@QAEFV_bstr_t@@FF@Z 1000b580 f i ErrorProcessing.obj
 0001:0000a610       ?LogMessage@IIRSLogger@@QAEFNFJFV_bstr_t@@ABV_variant_t@@@Z 1000b610 f i ErrorProcessing.obj
 0001:0000a6c0       ??_GCErrorProcessing@@UAEPAXI@Z 1000b6c0 f i ErrorProcessing.obj
 0001:0000a6c0       ??_ECErrorProcessing@@UAEPAXI@Z 1000b6c0 f i ErrorProcessing.obj
 0001:0000a6e0       ??HATL@@YA?AV?$CStringT@DV?$StrTraitMFC@DV?$ChTraitsCRT@D@ATL@@@@@0@PBDABV10@@Z 1000b6e0 f i ErrorProcessing.obj
 0001:0000a7b0       ?LogMessage@CErrorProcessing@@QAEXJAAV?$CStringT@DV?$StrTraitMFC@DV?$ChTraitsCRT@D@ATL@@@@@ATL@@@Z 1000b7b0 f   ErrorProcessing.obj
 0001:0000aa50       ?Generic@CErrorProcessing@@QAEXJAAV?$CStringT@DV?$StrTraitMFC@DV?$ChTraitsCRT@D@ATL@@@@@ATL@@@Z 1000ba50 f   ErrorProcessing.obj
 0001:0000aa80       ?SuccessReadFile@CErrorProcessing@@QAEXAAV?$CStringT@DV?$StrTraitMFC@DV?$ChTraitsCRT@D@ATL@@@@@ATL@@@Z 1000ba80 f   ErrorProcessing.obj
 0001:0000ab10       ?ErrorInvalidPointer@CErrorProcessing@@QAEXXZ 1000bb10 f   ErrorProcessing.obj
 0001:0000ab20       ?ErrorEmbeddedInterfaceCallFailed@CErrorProcessing@@QAEXAAV?$CStringT@DV?$StrTraitMFC@DV?$ChTraitsCRT@D@ATL@@@@@ATL@@@Z 1000bb20 f   ErrorProcessing.obj
 0001:0000abb0       ?ErrorUnimplementedMethod@CErrorProcessing@@QAEXXZ 1000bbb0 f   ErrorProcessing.obj
 0001:0000abc0       ?ErrorParametersNotSet@CErrorProcessing@@QAEXAAV?$CStringT@DV?$StrTraitMFC@DV?$ChTraitsCRT@D@ATL@@@@@ATL@@@Z 1000bbc0 f   ErrorProcessing.obj
 0001:0000ac50       ?ErrorSAFEARRAY@CErrorProcessing@@QAEXAAV?$CStringT@DV?$StrTraitMFC@DV?$ChTraitsCRT@D@ATL@@@@@ATL@@@Z 1000bc50 f   ErrorProcessing.obj
 0001:0000ace0       ?ErrorOpenDatabase@CErrorProcessing@@QAEXABV?$CStringT@DV?$StrTraitMFC@DV?$ChTraitsCRT@D@ATL@@@@@ATL@@@Z 1000bce0 f   ErrorProcessing.obj
 0001:0000ad60       ?ErrorReadFile@CErrorProcessing@@QAEXAAV?$CStringT@DV?$StrTraitMFC@DV?$ChTraitsCRT@D@ATL@@@@@ATL@@0@Z 1000bd60 f   ErrorProcessing.obj
 0001:0000ae60       ?ErrorFindFile@CErrorProcessing@@QAEXAAV?$CStringT@DV?$StrTraitMFC@DV?$ChTraitsCRT@D@ATL@@@@@ATL@@0@Z 1000be60 f   ErrorProcessing.obj
 0001:0000af60       ?ErrorFindDatabase@CErrorProcessing@@QAEXAAV?$CStringT@DV?$StrTraitMFC@DV?$ChTraitsCRT@D@ATL@@@@@ATL@@0@Z 1000bf60 f   ErrorProcessing.obj
 0001:0000b0a0       ?ErrorOpenFile@CErrorProcessing@@QAEXABV?$CStringT@DV?$StrTraitMFC@DV?$ChTraitsCRT@D@ATL@@@@@ATL@@0@Z 1000c0a0 f   ErrorProcessing.obj
 0001:0000b200       ?ErrorCatch@CErrorProcessing@@QAEXH@Z 1000c200 f   ErrorProcessing.obj
 0001:0000b230       ?ErrorCatch@CErrorProcessing@@QAEXXZ 1000c230 f   ErrorProcessing.obj
 0001:0000b370       ?ErrorDatabase@CErrorProcessing@@QAEXAAV?$CStringT@DV?$StrTraitMFC@DV?$ChTraitsCRT@D@ATL@@@@@ATL@@0@Z 1000c370 f   ErrorProcessing.obj
 0001:0000b470       ?ErrorCopyDatabase@CErrorProcessing@@QAEXAAV?$CStringT@DV?$StrTraitMFC@DV?$ChTraitsCRT@D@ATL@@@@@ATL@@@Z 1000c470 f   ErrorProcessing.obj
 0001:0000b500       ?ErrorCreateDatabase@CErrorProcessing@@QAEXAAV?$CStringT@DV?$StrTraitMFC@DV?$ChTraitsCRT@D@ATL@@@@@ATL@@@Z 1000c500 f   ErrorProcessing.obj
 0001:0000b590       ?ErrorDebug@CErrorProcessing@@QAEXAAV?$CStringT@DV?$StrTraitMFC@DV?$ChTraitsCRT@D@ATL@@@@@ATL@@@Z 1000c590 f   ErrorProcessing.obj
 0001:0000b610       ?SendStartTimeToLogger@CErrorProcessing@@AAEXXZ 1000c610 f   ErrorProcessing.obj
 0001:0000b720       ?StopTime@CErrorProcessing@@QAEXXZ 1000c720 f   ErrorProcessing.obj
 0001:0000b830       ?Format@COleDateTime@ATL@@QBE?AV?$CStringT@DV?$StrTraitMFC@DV?$ChTraitsCRT@D@ATL@@@@@2@PBD@Z 1000c830 f i ErrorProcessing.obj
 0001:0000ba90       ??0CErrorProcessing@@QAE@U_GUID@@FPADF1AAVCOleDateTime@ATL@@@Z 1000ca90 f   ErrorProcessing.obj
 0001:0000c320       ?InitializeForMethod@CErrorProcessing@@QAEXPBDFJF@Z 1000d320 f   ErrorProcessing.obj
 0001:0000c3d0       ?SetDisableLogger@CErrorProcessing@@QAEX_N@Z 1000d3d0 f   ErrorProcessing.obj
 0001:0000c4e0       ?ErrorStartTimeAfterEndTime@CErrorProcessing@@QAEXNN@Z 1000d4e0 f   ErrorProcessing.obj
 0001:0000c6c0       ?COMErrorCatch@CErrorProcessing@@QAEXAAV_com_error@@@Z 1000d6c0 f   ErrorProcessing.obj
 0001:0000c780       ?ADOErrorCatch@CErrorProcessing@@QAEXPAVCAdodbException@@@Z 1000d780 f   ErrorProcessing.obj
 0001:0000c8a0       ?InitializeForMethod@CErrorProcessing@@QAEXAAV?$CStringT@DV?$StrTraitMFC@DV?$ChTraitsCRT@D@ATL@@@@@ATL@@FJF@Z 1000d8a0 f   ErrorProcessing.obj
 0001:0000c8b0       ??0CGenDateTime@@QAE@XZ    1000d8b0 f   GenDateTime.obj
 0001:0000c8c0       ??1CGenDateTime@@UAE@XZ    1000d8c0 f   GenDateTime.obj
 0001:0000c8d0       ?GenUnpackTime@CGenDateTime@@QAEXPADPAH11@Z 1000d8d0 f   GenDateTime.obj
 0001:0000c9a0       ?GenUnpackDate@CGenDateTime@@QAEXPADPAH11H@Z 1000d9a0 f   GenDateTime.obj
 0001:0000cb60       ?GenJulianDaysToStruct@CGenDateTime@@QAEXNPAUGEN_DATE_STRUCT@@PAUGEN_TIME_STRUCT@@@Z 1000db60 f   GenDateTime.obj
 0001:0000cd00       ?GenValidateDate@@YAHPAUGEN_DATE_STRUCT@@@Z 1000dd00 f   GenDateTime.obj
 0001:0000cd50       ?GenDateStrToStruct@CGenDateTime@@QAEHPADHPAUGEN_DATE_STRUCT@@@Z 1000dd50 f   GenDateTime.obj
 0001:0000d030       ?GenDateStructToStr@CGenDateTime@@QAEHUGEN_DATE_STRUCT@@HPAPAD@Z 1000e030 f   GenDateTime.obj
 0001:0000d190       ?GenValidateTime@CGenDateTime@@QAEHPAUGEN_TIME_STRUCT@@@Z 1000e190 f   GenDateTime.obj
 0001:0000d1e0       ?GenTimeStrToStruct@CGenDateTime@@QAEHPADHPAUGEN_TIME_STRUCT@@@Z 1000e1e0 f   GenDateTime.obj
 0001:0000d360       ?GenTimeStructToStr@CGenDateTime@@QAEHUGEN_TIME_STRUCT@@HPAPAD@Z 1000e360 f   GenDateTime.obj
 0001:0000d450       ??_ECGenDateTime@@UAEPAXI@Z 1000e450 f i GenDateTime.obj
 0001:0000d450       ??_GCGenDateTime@@UAEPAXI@Z 1000e450 f i GenDateTime.obj
 0001:0000d470       ?GenDateTimeStrToSeconds@CGenDateTime@@QAEHPAKPAD1H@Z 1000e470 f   GenDateTime.obj
 0001:0000d5e0       ?GenSecondsToDateTimeStr@CGenDateTime@@QAEXPAD0PAKH@Z 1000e5e0 f   GenDateTime.obj
 0001:0000d890       ??0CObject@@IAE@XZ         1000e890 f i GrandData.obj
 0001:0000d8a0       ??3CObject@@SGXPAX@Z       1000e8a0 f i GrandData.obj
 0001:0000d8b0       ??0CGrandData@@QAE@PAVCDbVista@@H_N_N@Z 1000e8b0 f   GrandData.obj
 0001:0000d8f0       ??1CGrandData@@UAE@XZ      1000e8f0 f   GrandData.obj
 0001:0000d960       ??0CGrandDbDataPt@@QAE@XZ  1000e960 f i GrandData.obj
 0001:0000d970       ??1CGrandDbDataPt@@UAE@XZ  1000e970 f i GrandData.obj
 0001:0000d980       ?CreateDay@CGrandData@@QAE_NN@Z 1000e980 f   GrandData.obj
 0001:0000d9d0       ?StationDataExists@CGrandData@@QAE_NXZ 1000e9d0 f   GrandData.obj
 0001:0000da20       ??_GCGrandData@@UAEPAXI@Z  1000ea20 f i GrandData.obj
 0001:0000da20       ??_ECGrandData@@UAEPAXI@Z  1000ea20 f i GrandData.obj
 0001:0000da40       ?GetMultipleDbRecord@CGrandData@@QAE_NNPAHPAUdb_float_data_rec@@W4SNAP@@@Z 1000ea40 f   GrandData.obj
 0001:0000de90       ??_ECGrandDbDataPt@@UAEPAXI@Z 1000ee90 f i GrandData.obj
 0001:0000dee0       ?GetDataStatistics@CGrandData@@UAE_NABUDB_D_INTERVAL_TAG@@PAU2@PAV?$CStringT@DV?$StrTraitMFC@DV?$ChTraitsCRT@D@ATL@@@@@ATL@@@Z 1000eee0 f   GrandData.obj
 0001:0000e2f0       ?GetStationData@CGrandData@@UAE_NABUDB_D_INTERVAL_TAG@@PAU2@PAV?$CStringT@DV?$StrTraitMFC@DV?$ChTraitsCRT@D@ATL@@@@@ATL@@@Z 1000f2f0 f   GrandData.obj
 0001:0000ea70       ?GetChannelData@CGrandData@@UAE_NABHABUDB_D_INTERVAL_TAG@@PAU2@PAN3PAV?$CStringT@DV?$StrTraitMFC@DV?$ChTraitsCRT@D@ATL@@@@@ATL@@@Z 1000fa70 f   GrandData.obj
 0001:0000f090       ?NewDbVistaError@CGrandData@@IAEXPAV?$CStringT@DV?$StrTraitMFC@DV?$ChTraitsCRT@D@ATL@@@@@ATL@@_NH@Z 10010090 f   GrandData.obj
 0001:0000f0e0       ?AddData@CGrandData@@UAE_NPAV?$CStringT@DV?$StrTraitMFC@DV?$ChTraitsCRT@D@ATL@@@@@ATL@@@Z 100100e0 f   GrandData.obj
 0001:0000f170       ??2@YAPAXIPAX@Z            10010170 f i GrandDataFile.obj
 0001:0000f180       ?IsDirectory@CFileFind@@QBEHXZ 10010180 f i GrandDataFile.obj
 0001:0000f190       ??0CComVariant@ATL@@QAE@XZ 10010190 f i GrandDataFile.obj
 0001:0000f1a0       ?Clear@CComVariant@ATL@@QAEJXZ 100101a0 f i GrandDataFile.obj
 0001:0000f1b0       ?Copy@CComVariant@ATL@@QAEJPBUtagVARIANT@@@Z 100101b0 f i GrandDataFile.obj
 0001:0000f1c0       ?InternalCopy@CComVariant@ATL@@QAEXPBUtagVARIANT@@@Z 100101c0 f i GrandDataFile.obj
 0001:0000f1e0       ?GetAsSystemTime@COleDateTime@ATL@@QBE_NAAU_SYSTEMTIME@@@Z 100101e0 f i GrandDataFile.obj
 0001:0000f210       ?checksum_ulong@@YAGPAK@Z  10010210 f   GrandDataFile.obj
 0001:0000f230       ??0CGrandDataFile@@QAE@PAVCGrandFacCfgWrap@@_N@Z 10010230 f   GrandDataFile.obj
 0001:0000f260       ??1CGrandDataFile@@UAE@XZ  10010260 f   GrandDataFile.obj
 0001:0000f270       ?StringCompareIgnore@?$ChTraitsCRT@D@ATL@@SAHPBD0@Z 10010270 f i GrandDataFile.obj
 0001:0000f280       ??1CComVariant@ATL@@QAE@XZ 10010280 f i GrandDataFile.obj
 0001:0000f290       ??0CComVariant@ATL@@QAE@ABV01@@Z 10010290 f i GrandDataFile.obj
 0001:0000f2c0       ??4CComVariant@ATL@@QAEAAV01@ABV01@@Z 100102c0 f i GrandDataFile.obj
 0001:0000f2f0       ??_ECGrandDataFile@@UAEPAXI@Z 100102f0 f i GrandDataFile.obj
 0001:0000f2f0       ??_GCGrandDataFile@@UAEPAXI@Z 100102f0 f i GrandDataFile.obj
 0001:0000f310       ??0tFileRecord@@QAE@XZ     10010310 f i GrandDataFile.obj
 0001:0000f330       ??1tFileRecord@@QAE@XZ     10010330 f i GrandDataFile.obj
 0001:0000f350       ??0tFileRecord@@QAE@ABU0@@Z 10010350 f i GrandDataFile.obj
 0001:0000f3c0       ?CompareNoCase@?$CStringT@DV?$StrTraitMFC@DV?$ChTraitsCRT@D@ATL@@@@@ATL@@QBEHPBD@Z 100103c0 f i GrandDataFile.obj
 0001:0000f3e0       ??4tFileRecord@@QAEAAU0@ABU0@@Z 100103e0 f i GrandDataFile.obj
 0001:0000f440       ?NewNode@?$CList@UtFileRecord@@U1@@@IAEPAUCNode@1@PAU21@0@Z 10010440 f i GrandDataFile.obj
 0001:0000f4b0       ?AddTail@?$CList@UtFileRecord@@U1@@@QAEPAU__POSITION@@UtFileRecord@@@Z 100104b0 f i GrandDataFile.obj
 0001:0000f530       ?ReadHeader@CGrandDataFile@@UAE_NABV?$CStringT@DV?$StrTraitMFC@DV?$ChTraitsCRT@D@ATL@@@@@ATL@@PAV23@@Z 10010530 f   GrandDataFile.obj
 0001:0000f970       ?ReadDataFile@CGrandDataFile@@UAE_NPAVCDbVista@@ABV?$CStringT@DV?$StrTraitMFC@DV?$ChTraitsCRT@D@ATL@@@@@ATL@@PAV34@@Z 10010970 f   GrandDataFile.obj
 0001:00010e90       ?GetCompleteFileList@CGrandDataFile@@UAEXFPAV?$CList@UtFileRecord@@U1@@@ABV?$CStringT@DV?$StrTraitMFC@DV?$ChTraitsCRT@D@ATL@@@@@ATL@@_N@Z 10011e90 f   GrandDataFile.obj
 0001:000112d0       ??1CGrandDbVista@@UAE@XZ   100122d0 f   GrandDbVista.obj
 0001:000112e0       ?SetFacMgr@CGrandDbVista@@QAEXPAVCGrandFacCfgWrap@@@Z 100122e0 f   GrandDbVista.obj
 0001:000112f0       ?SetQuietMode@CGrandDbVista@@QAEX_N@Z 100122f0 f   GrandDbVista.obj
 0001:00011300       ?BuildDatabaseFramework@CGrandDbVista@@UAE_NF@Z 10012300 f   GrandDbVista.obj
 0001:000113f0       ?AddStationToDatabaseFramework@CGrandDbVista@@UAE_NFF@Z 100123f0 f   GrandDbVista.obj
 0001:00011490       ??_GCGrandDbVista@@UAEPAXI@Z 10012490 f i GrandDbVista.obj
 0001:00011490       ??_ECGrandDbVista@@UAEPAXI@Z 10012490 f i GrandDbVista.obj
 0001:000114b0       ?CreateDataStore@CGrandDbVista@@UAE_NF@Z 100124b0 f   GrandDbVista.obj
 0001:00011620       ?FinishConstruction@CGrandDbVista@@QAEXXZ 10012620 f   GrandDbVista.obj
 0001:00011690       ??0CGrandDbVista@@QAE@_N@Z 10012690 f   GrandDbVista.obj
 0001:000116e0       ??0CGrandDbVista@@QAE@XZ   100126e0 f   GrandDbVista.obj
 0001:00011730       ?OpenTheDatabase@CGrandDbVista@@UAE_NFPAV?$CStringT@DV?$StrTraitMFC@DV?$ChTraitsCRT@D@ATL@@@@@ATL@@@Z 10012730 f   GrandDbVista.obj
 0001:000119c0       ?GetStationRecord@IFacilityMgrData@@QAEJFJV_bstr_t@@PAUtagVARIANT@@@Z 100129c0 f i GrandFacCfgWrap.obj
 0001:00011a40       ?GetStationRecord@CGrandFacCfgWrap@@UAE_NFJPAX@Z 10012a40 f   GrandFacCfgWrap.obj
 0001:00011bb0       ??0CGrandFacCfgWrap@@QAE@XZ 10012bb0 f   GrandFacCfgWrap.obj
 0001:00011c50       ??_ECGrandFacCfgWrap@@UAEPAXI@Z 10012c50 f i GrandFacCfgWrap.obj
 0001:00011c50       ??_GCGrandFacCfgWrap@@UAEPAXI@Z 10012c50 f i GrandFacCfgWrap.obj
 0001:00011c70       ??1CGrandFacCfgWrap@@UAE@XZ 10012c70 f i GrandFacCfgWrap.obj
 0001:00011c80       ?AfxGetInstanceHandle@@YGPAUHINSTANCE__@@XZ 10012c80 f i GrandImport.obj
 0001:00011c90       ??0CComVariant@ATL@@QAE@NG@Z 10012c90 f i GrandImport.obj
 0001:00011cb0       ??0_variant_t@@QAE@XZ      10012cb0 f i GrandImport.obj
 0001:00011cc0       ?Clear@_variant_t@@QAEXXZ  10012cc0 f i GrandImport.obj
 0001:00011ce0       ?SetQuietMode@CDirUtilities@@QAEX_N@Z 10012ce0 f i GrandImport.obj
 0001:00011cf0       ?TestPointer@CGrandImport@@AAE_NPAX@Z 10012cf0 f i GrandImport.obj
 0001:00011d00       ??0IDispatch@@QAE@XZ       10012d00 f i GrandImport.obj
 0001:00011d10       ?CloseDataStore@CGrandImport@@UAGJXZ 10012d10 f   GrandImport.obj
 0001:00011da0       ?DeleteData@CGrandImport@@UAGJFJNNPAF@Z 10012da0 f   GrandImport.obj
 0001:00011f80       ?GetDataStoreSize@CGrandImport@@UAGJFPANPAF@Z 10012f80 f   GrandImport.obj
 0001:000120a0       ?GetDataStoreTimeRange@CGrandImport@@UAGJFJFPAN0PAF@Z 100130a0 f   GrandImport.obj
 0001:000122a0       ?GetFilesList@CGrandImport@@UAGJFPAGFFPAUtagVARIANT@@@Z 100132a0 f   GrandImport.obj
 0001:00012320       ?OpenDataStore@CGrandImport@@UAGJFPAF@Z 10013320 f   GrandImport.obj
 0001:00012410       ?GetNumberOfPointsToRequest@CGrandImport@@AAEJFJNNJ@Z 10013410 f   GrandImport.obj
 0001:00012480       ?InitializeErrorProcessing@CGrandImport@@AAEXXZ 10013480 f   GrandImport.obj
 0001:000125c0       ??4_variant_t@@QAEAAV0@J@Z 100135c0 f i GrandImport.obj
 0001:00012620       ??0IGrandImport@@QAE@XZ    10013620 f i GrandImport.obj
 0001:00012630       ?GetParameters@CGrandImport@@UAGJFPAUtagVARIANT@@PAF@Z 10013630 f   GrandImport.obj
 0001:00012790       ??0?$IDispatchImpl@UIGrandImport@@$1?IID_IGrandImport@@3U_GUID@@B$1?LIBID_COGRANDIMPORTLib@@3U3@B$00$0A@VCComTypeInfoHolder@ATL@@@ATL@@QAE@XZ 10013790 f i GrandImport.obj
 0001:000127a0       ??1CGrandImport@@UAE@XZ    100137a0 f   GrandImport.obj
 0001:00012a10       ?GetDayStatistics@CGrandImport@@UAGJFJNNPAN0PAJPAF@Z 10013a10 f   GrandImport.obj
 0001:00012c90       ?GetLastError@CGrandImport@@UAGJFPAPAGPAJ@Z 10013c90 f   GrandImport.obj
 0001:00012cf0       ?GetDaySummaryData@CGrandImport@@UAGJFJNNPAUtagVARIANT@@PAF@Z 10013cf0 f   GrandImport.obj
 0001:00013120       ?InitializeDataStore@CGrandImport@@UAGJFFPAF@Z 10014120 f   GrandImport.obj
 0001:00013260       ?CreateNewDataStore@CGrandImport@@UAGJFPAF@Z 10014260 f   GrandImport.obj
 0001:000134a0       ?SetFacilityName@CErrorProcessing@@QAEXAAV?$CStringT@DV?$StrTraitMFC@DV?$ChTraitsCRT@D@ATL@@@@@ATL@@@Z 100144a0 f i GrandImport.obj
 0001:000134e0       ?AddData@CGrandImport@@UAGJFPAGFPAPAGPAF@Z 100144e0 f   GrandImport.obj
 0001:00013700       ?BackupDataStore@CGrandImport@@UAGJFPAGFFPAF@Z 10014700 f   GrandImport.obj
 0001:000138e0       ?GetDataByStation@CGrandImport@@UAGJFJNNPAUtagVARIANT@@PAF@Z 100148e0 f   GrandImport.obj
 0001:00013e10       ?GetDataStatistics@CGrandImport@@UAGJFJFNNPAN0PAJPAF@Z 10014e10 f   GrandImport.obj
 0001:00014070       ?GetDataStorePath@CGrandImport@@UAGJFPAPAG@Z 10015070 f   GrandImport.obj
 0001:00014170       ?SetParameters@CGrandImport@@UAGJFUtagVARIANT@@PAF@Z 10015170 f   GrandImport.obj
 0001:00014440       ??0CGrandImport@@QAE@XZ    10015440 f   GrandImport.obj
 0001:000146e0       ?DeleteDataStore@CGrandImport@@UAGJFPAF@Z 100156e0 f   GrandImport.obj
 0001:000148d0       ?GetDataByChannel@CGrandImport@@UAGJFJFNNPAUtagVARIANT@@PAF@Z 100158d0 f   GrandImport.obj
 0001:00014d30       ?RestoreDataStore@CGrandImport@@UAGJFPAGFFPAF@Z 10015d30 f   GrandImport.obj
 0001:00014fd0       ?GetDataStoreStatus@CGrandImport@@UAGJFPAJ@Z 10015fd0 f   GrandImport.obj
 0001:00015440       ??1CGrandImportSupport@@UAE@XZ 10016440 f   GrandImportSupport.obj
 0001:00015470       ??_ECGrandImportSupport@@UAEPAXI@Z 10016470 f i GrandImportSupport.obj
 0001:00015470       ??_GCGrandImportSupport@@UAEPAXI@Z 10016470 f i GrandImportSupport.obj
 0001:00015490       ?GetGrandImportDLLLocation@CGrandImportSupport@@QAE?AV?$CStringT@DV?$StrTraitMFC@DV?$ChTraitsCRT@D@ATL@@@@@ATL@@XZ 10016490 f   GrandImportSupport.obj
 0001:000154c0       ?GetEmptyDBLocation@CGrandImportSupport@@QAE?AV?$CStringT@DV?$StrTraitMFC@DV?$ChTraitsCRT@D@ATL@@@@@ATL@@XZ 100164c0 f   GrandImportSupport.obj
 0001:000154f0       ?GetGrandDataStorePath@CGrandImportSupport@@QAE?AV?$CStringT@DV?$StrTraitMFC@DV?$ChTraitsCRT@D@ATL@@@@@ATL@@F@Z 100164f0 f   GrandImportSupport.obj
 0001:00015600       ??0CGrandImportSupport@@QAE@PAVCGrandFacCfgWrap@@_N@Z 10016600 f   GrandImportSupport.obj
 0001:00015780       ??BCOleDateTime@ATL@@QBENXZ 10016780 f i MyDateTime.obj
 0001:00015790       ?SetDateTime@COleDateTime@ATL@@QAEHHHHHHH@Z 10016790 f i MyDateTime.obj
 0001:00015830       ??0CMyDateTime@@QAE@XZ     10016830 f   MyDateTime.obj
 0001:00015840       ??1CMyDateTime@@UAE@XZ     10016840 f   MyDateTime.obj
 0001:00015850       ?GetMilliSecs@CMyDateTime@@IAEHN@Z 10016850 f   MyDateTime.obj
 0001:000158a0       ?SetMilliSecs@CMyDateTime@@IAEXPANH@Z 100168a0 f   MyDateTime.obj
 0001:000158d0       ??0COleDateTime@ATL@@QAE@HHHHHH@Z 100168d0 f i MyDateTime.obj
 0001:00015900       ??_ECMyDateTime@@UAEPAXI@Z 10016900 f i MyDateTime.obj
 0001:00015900       ??_GCMyDateTime@@UAEPAXI@Z 10016900 f i MyDateTime.obj
 0001:00015920       ?MyTimestampToDATETimestamp@CMyDateTime@@QAENN@Z 10016920 f   MyDateTime.obj
 0001:00015a70       ?StevesTimestampStringToDATETimestamp@CMyDateTime@@QAENPBD@Z 10016a70 f   MyDateTime.obj
 0001:00015b80       ?ParseDateTime@COleDateTime@ATL@@QAE_NPBDKK@Z 10016b80 f i MyDateTime.obj
 0001:00015c50       ?Format@COleDateTime@ATL@@QBE?AV?$CStringT@DV?$StrTraitMFC@DV?$ChTraitsCRT@D@ATL@@@@@2@KK@Z 10016c50 f i MyDateTime.obj
 0001:00015e80       ?DATETimestampToMyTimestamp@CMyDateTime@@QAENN@Z 10016e80 f   MyDateTime.obj
 0001:00015fc0       ?DATETimestampToDateTimeStrs@CMyDateTime@@QAEXNPAD0HH@Z 10016fc0 f   MyDateTime.obj
 0001:000162b0       ?DateTimeStrsToDATETimestamp@CMyDateTime@@QAENPBD0HH@Z 100172b0 f   MyDateTime.obj
 0001:000168a0       ?DATETimestampToStevesTimestampStrings@CMyDateTime@@QAEXNPAD0@Z 100178a0 f   MyDateTime.obj
 0001:00016aa0       ?DATETimestampToGenStructs@CMyDateTime@@QAEXNPAUGEN_DATE_STRUCT@@PAUGEN_TIME_STRUCT@@HH@Z 10017aa0 f   MyDateTime.obj
 0001:00016b60       ?GenStructsToDATETimestamp@CMyDateTime@@QAENPBUGEN_DATE_STRUCT@@PBUGEN_TIME_STRUCT@@HH@Z 10017b60 f   MyDateTime.obj
 0001:00016c70       ?GetCurrentDateTimeStr@CMyDateTime@@QAEXPAD0@Z 10017c70 f   MyDateTime.obj
 0001:00016ce0       ??0CSize@@QAE@XZ           10017ce0 f i ProgressWnd.obj
 0001:00016cf0       ??0CSize@@QAE@HH@Z         10017cf0 f i ProgressWnd.obj
 0001:00016d10       ??0CSize@@QAE@UtagSIZE@@@Z 10017d10 f i ProgressWnd.obj
 0001:00016d30       ??HCSize@@QBE?AV0@UtagSIZE@@@Z 10017d30 f i ProgressWnd.obj
 0001:00016d50       ??0CRect@@QAE@XZ           10017d50 f i ProgressWnd.obj
 0001:00016d60       ??0CRect@@QAE@HHHH@Z       10017d60 f i ProgressWnd.obj
 0001:00016d80       ?Width@CRect@@QBEHXZ       10017d80 f i ProgressWnd.obj
 0001:00016d90       ?Height@CRect@@QBEHXZ      10017d90 f i ProgressWnd.obj
 0001:00016da0       ??BCRect@@QAEPAUtagRECT@@XZ 10017da0 f i ProgressWnd.obj
 0001:00016db0       ?PtInRect@CRect@@QBEHUtagPOINT@@@Z 10017db0 f i ProgressWnd.obj
 0001:00016dd0       ?SetRect@CRect@@QAEXHHHH@Z 10017dd0 f i ProgressWnd.obj
 0001:00016df0       ?AfxGetApp@@YGPAVCWinApp@@XZ 10017df0 f i ProgressWnd.obj
 0001:00016e00       ?GetSafeHandle@CGdiObject@@QBEPAXXZ 10017e00 f i ProgressWnd.obj
 0001:00016e10       ??0CGdiObject@@QAE@XZ      10017e10 f i ProgressWnd.obj
 0001:00016e20       ??1CGdiObject@@UAE@XZ      10017e20 f i ProgressWnd.obj
 0001:00016e30       ??BCBrush@@QBEPAUHBRUSH__@@XZ 10017e30 f i ProgressWnd.obj
 0001:00016e40       ??1CBrush@@UAE@XZ          10017e40 f i ProgressWnd.obj
 0001:00016e50       ??0CFont@@QAE@XZ           10017e50 f i ProgressWnd.obj
 0001:00016e60       ??1CFont@@UAE@XZ           10017e60 f i ProgressWnd.obj
 0001:00016e70       ?CreateFontIndirectA@CFont@@QAEHPBUtagLOGFONTA@@@Z 10017e70 f i ProgressWnd.obj
 0001:00016e90       ?PatBlt@CDC@@QAEHHHHHK@Z   10017e90 f i ProgressWnd.obj
 0001:00016ec0       ?GetSafeHwnd@CWnd@@QBEPAUHWND__@@XZ 10017ec0 f i ProgressWnd.obj
 0001:00016ed0       ?SendMessageA@CWnd@@QAEJIIJ@Z 10017ed0 f i ProgressWnd.obj
 0001:00016ef0       ?SetFont@CWnd@@QAEXPAVCFont@@H@Z 10017ef0 f i ProgressWnd.obj
 0001:00016f10       ?MoveWindow@CWnd@@QAEXPBUtagRECT@@H@Z 10017f10 f i ProgressWnd.obj
 0001:00016f40       ?GetWindowRect@CWnd@@QBEXPAUtagRECT@@@Z 10017f40 f i ProgressWnd.obj
 0001:00016f60       ?GetClientRect@CWnd@@QBEXPAUtagRECT@@@Z 10017f60 f i ProgressWnd.obj
 0001:00016f80       ?GetDC@CWnd@@QAEPAVCDC@@XZ 10017f80 f i ProgressWnd.obj
 0001:00016fa0       ?ReleaseDC@CWnd@@QAEHPAVCDC@@@Z 10017fa0 f i ProgressWnd.obj
 0001:00016fc0       ?UpdateWindow@CWnd@@QAEXXZ 10017fc0 f i ProgressWnd.obj
 0001:00016fd0       ?IsWindowVisible@CWnd@@QBEHXZ 10017fd0 f i ProgressWnd.obj
 0001:00016fe0       ?RedrawWindow@CWnd@@QAEHPBUtagRECT@@PAVCRgn@@I@Z 10017fe0 f i ProgressWnd.obj
 0001:00017010       ?SetForegroundWindow@CWnd@@QAEHXZ 10018010 f i ProgressWnd.obj
 0001:00017020       ??0CStatic@@QAE@XZ         10018020 f i ProgressWnd.obj
 0001:00017040       ?DoDataExchange@CWnd@@MAEXPAVCDataExchange@@@Z 10018040 f i ProgressWnd.obj
 0001:00017050       ?BeginModalState@CWnd@@UAEXXZ 10018050 f i ProgressWnd.obj
 0001:00017060       ?EndModalState@CWnd@@UAEXXZ 10018060 f i ProgressWnd.obj
[...]
 0003:00004494       ?_afxMsgLBSELCHANGE@@3IA   10085494     nafxcw:dlgcomm.obj
 0003:00004498       ?_afxMsgSHAREVI@@3IA       10085498     nafxcw:dlgcomm.obj
 0003:0000449c       ?_afxMsgFILEOK@@3IA        1008549c     nafxcw:dlgcomm.obj
 0003:000044a0       ?_afxMsgCOLOROK@@3IA       100854a0     nafxcw:dlgcomm.obj
 0003:000044a4       ?_afxMsgHELP@@3IA          100854a4     nafxcw:dlgcomm.obj
 0003:000044a8       ?_afxMsgSETRGB@@3IA        100854a8     nafxcw:dlgcomm.obj
 0003:000044ac       ?_afxMsgMouseWheel@@3IA    100854ac     nafxcw:winfrm.obj
 0003:000044b0       ___fastflag                100854b0     libcmt:fpinit.obj
 0003:000044b4       __adjust_fdiv              100854b4     libcmt:fpinit.obj
 0003:000044e4       __aenvptr                  100854e4     libcmt:dllcrt0.obj
 0003:000044e8       __wenvptr                  100854e8     libcmt:dllcrt0.obj
 0003:000044ec       ___error_mode              100854ec     libcmt:dllcrt0.obj
 0003:000044f0       ___app_type                100854f0     libcmt:dllcrt0.obj
 0003:000044f4       __umaskval                 100854f4     libcmt:crt0dat.obj
 0003:000044f8       __osplatform               100854f8     libcmt:crt0dat.obj
 0003:000044fc       __osver                    100854fc     libcmt:crt0dat.obj
 0003:00004500       __winver                   10085500     libcmt:crt0dat.obj
 0003:00004504       __winmajor                 10085504     libcmt:crt0dat.obj
 0003:00004508       __winminor                 10085508     libcmt:crt0dat.obj
 0003:0000450c       ___argc                    1008550c     libcmt:crt0dat.obj
 0003:00004510       ___argv                    10085510     libcmt:crt0dat.obj
 0003:00004514       ___wargv                   10085514     libcmt:crt0dat.obj
 0003:00004518       __environ                  10085518     libcmt:crt0dat.obj
 0003:0000451c       ___initenv                 1008551c     libcmt:crt0dat.obj
 0003:00004520       __wenviron                 10085520     libcmt:crt0dat.obj
 0003:00004524       ___winitenv                10085524     libcmt:crt0dat.obj
 0003:00004528       __pgmptr                   10085528     libcmt:crt0dat.obj
 0003:0000452c       __wpgmptr                  1008552c     libcmt:crt0dat.obj
 0003:00004530       __exitflag                 10085530     libcmt:crt0dat.obj
 0003:00004534       __C_Termination_Done       10085534     libcmt:crt0dat.obj
 0003:00004538       __C_Exit_Done              10085538     libcmt:crt0dat.obj
 0003:00004698       ?_pnhHeap@@3P6AHI@ZA       10085698     libcmt:handler.obj
 0003:0000469c       __newmode                  1008569c     libcmt:_newmode.obj
 0003:00004790       __cflush                   10085790     libcmt:_file.obj
 0003:000048a4       __adbgmsg                  100858a4     libcmt:crt0msg.obj
 0003:000048ac       ___lc_handle               100858ac     libcmt:nlsdata2.obj
 0003:000048c4       ___lc_codepage             100858c4     libcmt:nlsdata2.obj
 0003:000048c8       ___lc_collate_cp           100858c8     libcmt:nlsdata2.obj
 0003:000048e4       ___lconv_static_null       100858e4     libcmt:lconv.obj
 0003:000048e8       ___lc_time_intl            100858e8     libcmt:inittime.obj
 0003:000048ec       ___lconv_intl              100858ec     libcmt:initmon.obj
 0003:00004914       ___lc_id                   10085914     libcmt:nlsdata3.obj
 0003:00004938       __commode                  10085938     libcmt:ncommode.obj
 0003:00004958       __fmode                    10085958     libcmt:txtmode.obj
 0003:00004968       ?_AtlComModule@ATL@@3VCAtlComModule@1@A 10085968     atls:atlcommodule.obj
 0003:00004990       ?_AtlBaseModule@ATL@@3VCAtlBaseModule@1@A 10085990     atls:atlbase.obj
 0003:000049d0       __hmod__OLEACC             100859d0     oleacc:OLEACC.dll
 0003:000049d4       ___puiHead                 100859d4     DelayImp:delayhlp.obj
 0003:000049d8       ___pfnDliFailureHook2      100859d8     DelayImp:delayhk1.obj
 0003:000049dc       ___pfnDliNotifyHook2       100859dc     DelayImp:delayhk2.obj
 0003:000049e0       ___ctype1                  100859e0     <common>
 0003:000049e4       ___ctype1_refcount         100859e4     <common>
 0003:000049e8       ___lconv_mon_refcount      100859e8     <common>
 0003:000049ec       ___lconv_intl_refcount     100859ec     <common>
 0003:000049f0       ___lconv_num_refcount      100859f0     <common>
 0003:000049f4       ___use_sse2_mathfcns       100859f4     <common>
 0003:000049f8       ___sse2_available          100859f8     <common>
 0003:000049fc       __nhandle                  100859fc     <common>
 0003:00004a00       ___pioinfo                 10085a00     <common>
 0003:00004b00       ___piob                    10085b00     <common>
 0003:00004b20       __bufin                    10085b20     <common>
 0003:00005b20       __nstream                  10086b20     <common>
 0003:00005b24       ___setlc_active            10086b24     <common>
 0003:00005b28       ___unguarded_readlc_active 10086b28     <common>
 0003:00005b2c       ___sbh_initialized         10086b2c     <common>
 0003:00005b30       ___sbh_pHeaderDefer        10086b30     <common>
 0003:00005b34       ___sbh_cntHeaderList       10086b34     <common>
 0003:00005b38       ___sbh_pHeaderList         10086b38     <common>
 0003:00005b3c       ___sbh_threshold           10086b3c     <common>
 0003:00005b40       ___sbh_pHeaderScan         10086b40     <common>
 0003:00005b44       ___sbh_sizeHeaderList      10086b44     <common>
 0003:00005b48       ___sbh_indGroupDefer       10086b48     <common>
 0003:00005b4c       __crtheap                  10086b4c     <common>
 0003:00005b50       ___active_heap             10086b50     <common>
 0003:00005b54       ___mblcid                  10086b54     <common>
 0003:00005b58       ___ptmbcinfo               10086b58     <common>
 0003:00005b5c       ___ismbcodepage            10086b5c     <common>
 0003:00005b60       __mbctype                  10086b60     <common>
 0003:00005c64       ___mbcodepage              10086c64     <common>
 0003:00005c70       ___mbulinfo                10086c70     <common>
 0003:00005c80       __mbcasemap                10086c80     <common>
 0003:00005d80       ___env_initialized         10086d80     <common>
 0003:00005d84       ___onexitend               10086d84     <common>
 0003:00005d88       ___onexitbegin             10086d88     <common>
 0003:00005d8c       ___mbctype_initialized     10086d8c     <common>
 0003:00005d90       __acmdln                   10086d90     <common>

 entry point at        0001:00025ca4

 Static symbols

 0001:00002e40       ?AtlGetDirLen@ATL@@YGIPBG@Z 10003e40 f   CoGrandImport.obj
 0001:000639b0       _$E2                       100649b0 f   CoGrandImport.obj
 0001:000639d0       _$E5                       100649d0 f   CoGrandImport.obj
 0001:00063a40       _$E6                       10064a40 f   CoGrandImport.obj
 0001:00063a50       _$E3                       10064a50 f   CoGrandImport.obj
 0001:000639f0       _$E2                       100649f0 f   nafxcw:dllmodul.obj
 0001:00059ea2       ?_AfxLoadLangDLL@@YAPAUHINSTANCE__@@PBDK@Z 1005aea2 f   nafxcw:appcore.obj
 0001:00059f13       ?_AfxEnumResLangProc@@YGHPAUHINSTANCE__@@PBD1GJ@Z 1005af13 f   nafxcw:appcore.obj
 0001:0005a8d3       _$E2                       1005b8d3 f   nafxcw:appcore.obj
 0001:0005a8df       _$E3                       1005b8df f   nafxcw:appcore.obj
 0001:0005d9f3       _$E4                       1005e9f3 f   nafxcw:viewedit.obj
 0001:00056d72       _$E2                       10057d72 f   nafxcw:viewedit.obj
 0001:0005d9ff       _$E5                       1005e9ff f   nafxcw:viewedit.obj
 0001:0005cd9e       _$E2                       1005dd9e f   nafxcw:auxdata.obj
 0001:0005cdb4       _$E3                       1005ddb4 f   nafxcw:auxdata.obj
 0001:0005bc10       _$E2                       1005cc10 f   nafxcw:wingdi.obj
 0001:0005bc2d       _$E5                       1005cc2d f   nafxcw:wingdi.obj
 0001:0005bc4a       _$E3                       1005cc4a f   nafxcw:wingdi.obj
 0001:0005bc54       _$E6                       1005cc54 f   nafxcw:wingdi.obj
 0001:0003d3d3       _$E2                       1003e3d3 f   nafxcw:winctrl4.obj
 0001:0003d3df       _$E3                       1003e3df f   nafxcw:winctrl4.obj
 0001:00059591       _$E4                       1005a591 f   nafxcw:winfrm.obj
 0001:00045154       _$E2                       10046154 f   nafxcw:wincore.obj
 0001:00045160       _$E5                       10046160 f   nafxcw:wincore.obj
 0001:00045171       _$E7                       10046171 f   nafxcw:wincore.obj
 0001:00045189       _$E10                      10046189 f   nafxcw:wincore.obj
 0001:000451a1       _$E13                      100461a1 f   nafxcw:wincore.obj
 0001:000451b9       _$E16                      100461b9 f   nafxcw:wincore.obj
 0001:000451d1       _$E3                       100461d1 f   nafxcw:wincore.obj
 0001:000451db       _$E8                       100461db f   nafxcw:wincore.obj
 0001:000451e5       _$E11                      100461e5 f   nafxcw:wincore.obj
 0001:000451ef       _$E14                      100461ef f   nafxcw:wincore.obj
 0001:000451f9       _$E17                      100461f9 f   nafxcw:wincore.obj
 0001:0005b2e2       _$E2                       1005c2e2 f   nafxcw:afxstate.obj
 0001:0005b2ee       _$E5                       1005c2ee f   nafxcw:afxstate.obj
 0001:0005b2fa       _$E3                       1005c2fa f   nafxcw:afxstate.obj
 0001:0005b304       _$E6                       1005c304 f   nafxcw:afxstate.obj
 0001:0005d8b6       _$E2                       1005e8b6 f   nafxcw:afxdbcs.obj
 0001:0003fd82       _$E2                       10040d82 f   nafxcw:strcore.obj
 0001:0003f13a       ?DestructElement@@YAXPAV?$CStringT@DV?$StrTraitMFC@DV?$ChTraitsCRT@D@ATL@@@@@ATL@@@Z 1004013a f   nafxcw:map_sp.obj
 0001:0005d8f8       _$E2                       1005e8f8 f   nafxcw:array_b.obj
 0001:00059e54       _$E2                       1005ae54 f   nafxcw:except.obj
 0001:00059e71       _$E5                       1005ae71 f   nafxcw:except.obj
 0001:00059e8e       _$E3                       1005ae8e f   nafxcw:except.obj
 0001:00059e98       _$E6                       1005ae98 f   nafxcw:except.obj
 0001:00039a8d       ?PinhFromImageBase@@YGPAU_IMAGE_NT_HEADERS@@PAUHINSTANCE__@@@Z 1003aa8d f   DelayImp:delayhlp.obj
 0001:00039a93       ?OverlayIAT@@YGXPAU_IMAGE_THUNK_DATA32@@PBU1@@Z 1003aa93 f   DelayImp:delayhlp.obj
 0001:00039aba       ?TimeStampOfImage@@YGKPAU_IMAGE_NT_HEADERS@@@Z 1003aaba f   DelayImp:delayhlp.obj
 0001:00039abe       ?FLoadedAtPreferredAddress@@YG_NPAU_IMAGE_NT_HEADERS@@PAUHINSTANCE__@@@Z 1003aabe f   DelayImp:delayhlp.obj
 0001:00035812       __get_fname                10036812 f   libcmt:fpexcept.obj
 0001:0002d7ed       _has_osfxsr_set            1002e7ed f   libcmt:cpu_disp.obj
 0001:0002561f       _$$$00002                  1002661f f   libcmt:pow.obj
 0001:00031ef6       __abstract_cw              10032ef6 f   libcmt:ieee87.obj
 0001:00031f88       __hw_cw                    10032f88 f   libcmt:ieee87.obj
 0001:00032016       __abstract_sw              10033016 f   libcmt:ieee87.obj
 0001:0002e3e0       _$$$00001                  1002f3e0 f   libcmt:87tran.obj
 0001:0002e6e3       _$$$00003                  1002f6e3 f   libcmt:87disp.obj
 0001:0002aeb7       __shift                    1002beb7 f   libcmt:cvt.obj
 0001:0002aed4       __cftoe2                   1002bed4 f   libcmt:cvt.obj
 0001:0002aff6       __cftof2                   1002bff6 f   libcmt:cvt.obj
 0001:00026786       __make__time64_t           10027786 f   libcmt:mktime64.obj
 0001:0002b266       __tzset_lk                 1002c266 f   libcmt:tzset.obj
 0001:0002b4d7       _cvtdate                   1002c4d7 f   libcmt:tzset.obj
 0001:0002b68f       __isindst_lk               1002c68f f   libcmt:tzset.obj
 0001:000242b0       __store_str                100252b0 f   libcmt:strftime.obj
 0001:000242d0       __store_number             100252d0 f   libcmt:strftime.obj
 0001:00024306       __store_num                10025306 f   libcmt:strftime.obj
 0001:0002437f       __expandtime               1002537f f   libcmt:strftime.obj
 0001:000245bf       __store_winword            100255bf f   libcmt:strftime.obj
 0001:00029e90       _$$$00001                  1002ae90 f   libcmt:strchr.obj
 0001:0002fb28       _write_char                10030b28 f   libcmt:woutput.obj
 0001:0002fb4d       _write_multi_char          10030b4d f   libcmt:woutput.obj
 0001:0002fb72       _write_string              10030b72 f   libcmt:woutput.obj
 0001:0002fbaf       _get_int_arg               10030baf f   libcmt:woutput.obj
 0001:0002fbb8       _get_int64_arg             10030bb8 f   libcmt:woutput.obj
 0001:0002a497       _write_char                1002b497 f   libcmt:output.obj
 0001:0002a4ca       _write_multi_char          1002b4ca f   libcmt:output.obj
 0001:0002a4ee       _write_string              1002b4ee f   libcmt:output.obj
 0001:0002a525       _get_int_arg               1002b525 f   libcmt:output.obj
 0001:0002a52e       _get_int64_arg             1002b52e f   libcmt:output.obj
 0001:0002a53a       _get_short_arg             1002b53a f   libcmt:output.obj
 0001:00030394       __hextodec                 10031394 f   libcmt:input.obj
 0001:000303ac       __inc                      100313ac f   libcmt:input.obj
 0001:000303c2       __un_inc                   100313c2 f   libcmt:input.obj
 0001:000303cf       __whiteout                 100313cf f   libcmt:input.obj
 0001:0002f0b1       _flsall                    100300b1 f   libcmt:fflush.obj
 0001:000264db       __threadstartex@4          100274db f   libcmt:threadex.obj
 0001:0002f530       _parse_cmdline             10030530 f   libcmt:stdargv.obj
 0001:000262d1       __initterm                 100272d1 f   libcmt:crt0dat.obj
 0001:000262e9       __initterm_e               100272e9 f   libcmt:crt0dat.obj
 0001:0002636c       _doexit                    1002736c f   libcmt:crt0dat.obj
 0001:00030e94       _xcptlookup                10031e94 f   libcmt:winxfltr.obj
 0001:000362e6       _ctrlevent_capture@4       100372e6 f   libcmt:winsig.obj
 0001:00036375       _siglookup                 10037375 f   libcmt:winsig.obj
 0001:0002bde1       ___updatetlocinfo_lk       1002cde1 f   libcmt:setlocal.obj
 0001:0002c025       __setlocale_get_all        1002d025 f   libcmt:setlocal.obj
 0001:0002c210       __setlocale_set_cat        1002d210 f   libcmt:setlocal.obj
 0001:0002c42e       __setlocale_lk             1002d42e f   libcmt:setlocal.obj
 0001:000378dc       _findenv                   100388dc f   libcmt:setenv.obj
 0001:00037929       _copy_environ              10038929 f   libcmt:setenv.obj
 0001:0002331e       __onexit_lk                1002431e f   libcmt:onexit.obj
 0001:00032182       __get_lc_time              10033182 f   libcmt:inittime.obj
 0001:000326d8       _fix_grouping              100336d8 f   libcmt:initnum.obj
 0001:00032937       _fix_grouping              10033937 f   libcmt:initmon.obj
 0001:00031249       ___crtInitCritSecNoSpinCount@8 10032249 f   libcmt:initcrit.obj
 0001:00032e99       _TranslateName             10033e99 f   libcmt:getqloc.obj
 0001:00032ef9       _GetLcidFromDefault        10033ef9 f   libcmt:getqloc.obj
 0001:00032f13       _ProcessCodePage           10033f13 f   libcmt:getqloc.obj
 0001:00032f8f       _TestDefaultCountry        10033f8f f   libcmt:getqloc.obj
 0001:00032fad       _crtGetLocaleInfoA@16      10033fad f   libcmt:getqloc.obj
 0001:00033090       _LcidFromHexString         10034090 f   libcmt:getqloc.obj
 0001:000330c5       _GetPrimaryLen             100340c5 f   libcmt:getqloc.obj
 0001:000330e2       _CountryEnumProc@4         100340e2 f   libcmt:getqloc.obj
 0001:0003317c       _TestDefaultLanguage       1003417c f   libcmt:getqloc.obj
 0001:000331f3       _LangCountryEnumProc@4     100341f3 f   libcmt:getqloc.obj
 0001:00033413       _LanguageEnumProc@4        10034413 f   libcmt:getqloc.obj
 0001:000334e4       _GetLcidFromCountry        100344e4 f   libcmt:getqloc.obj
 0001:0003351b       _GetLcidFromLangCountry    1003451b f   libcmt:getqloc.obj
 0001:000335a1       _GetLcidFromLanguage       100345a1 f   libcmt:getqloc.obj
 0001:00029fa6       _strncnt                   1002afa6 f   libcmt:a_map.obj
 0001:00037536       _strncnt                   10038536 f   libcmt:a_cmp.obj
 0001:000224f2       _report_failure            100234f2 f   libcmt:seccook.obj
 0001:00022f90       $$$00003                   10023f90 f   libcmt:exsup3.obj
 0001:00022db8       $$$00001                   10023db8 f   libcmt:exsup.obj
 0001:00022dd8       $$$00003                   10023dd8 f   libcmt:exsup.obj
 0001:00022dd8       __unwind_handler           10023dd8 f   libcmt:exsup.obj
 0001:00022dfa       $$$00005                   10023dfa f   libcmt:exsup.obj
 0001:00022e62       $$$00007                   10023e62 f   libcmt:exsup.obj
 0001:00022ea6       $$$00011                   10023ea6 f   libcmt:exsup.obj
 0001:00026d7a       _getSystemCP               10027d7a f   libcmt:mbctype.obj
 0001:00026dc0       _CPtoLCID                  10027dc0 f   libcmt:mbctype.obj
 0001:00026def       _setSBCS                   10027def f   libcmt:mbctype.obj
 0001:00026e18       _setSBUpLow                10027e18 f   libcmt:mbctype.obj
 0001:00027019       __setmbcp_lk               10028019 f   libcmt:mbctype.obj
 0001:00035c90       __tsopen_lk                10036c90 f   libcmt:open.obj
 0001:00022b14       ?CatchGuardHandler@@YA?AW4_EXCEPTION_DISPOSITION@@PAUEHExceptionRecord@@PAUCatchGuardRN@@PAX2@Z 10023b14 f   libcmt:trnsctrl.obj
 0001:00022b38       ?TranslatorGuardHandler@@YA?AW4_EXCEPTION_DISPOSITION@@PAUEHExceptionRecord@@PAUTranslatorGuardRN@@PAX2@Z 10023b38 f   libcmt:trnsctrl.obj
 0001:00028a13       ?TypeMatch@@YAHPBU_s_HandlerType@@PBU_s_CatchableType@@PBU_s_ThrowInfo@@@Z 10029a13 f   libcmt:frame.obj
 0001:00028a62       ?FrameUnwindFilter@@YAHPAU_EXCEPTION_POINTERS@@@Z 10029a62 f   libcmt:frame.obj
 0001:00028b4e       ?ExFilterRethrow@@YAHPAU_EXCEPTION_POINTERS@@@Z 10029b4e f   libcmt:frame.obj
 0001:00028bb9       ?AdjustPointer@@YAPAXPAXABUPMD@@@Z 10029bb9 f   libcmt:frame.obj
 0001:00028d9e       ?CallCatchBlock@@YAPAXPAUEHExceptionRecord@@PAUEHRegistrationNode@@PAU_CONTEXT@@PBU_s_FuncInfo@@PAXHK@Z 10029d9e f   libcmt:frame.obj
 0001:00028f45       ?BuildCatchObject@@YAXPAUEHExceptionRecord@@PAXPBU_s_HandlerType@@PBU_s_CatchableType@@@Z 10029f45 f   libcmt:frame.obj
 0001:000291cd       ?CatchIt@@YAXPAUEHExceptionRecord@@PAUEHRegistrationNode@@PAU_CONTEXT@@PAXPBU_s_FuncInfo@@PBU_s_HandlerType@@PBU_s_CatchableType@@PBU_s_TryBlockMapEntry@@H1E@Z 1002a1cd f   libcmt:frame.obj
 0001:00029234       ?FindHandlerForForeignException@@YAXPAUEHExceptionRecord@@PAUEHRegistrationNode@@PAU_CONTEXT@@PAXPBU_s_FuncInfo@@HH1@Z 1002a234 f   libcmt:frame.obj
 0001:000292f4       ?FindHandler@@YAXPAUEHExceptionRecord@@PAUEHRegistrationNode@@PAU_CONTEXT@@PAXPBU_s_FuncInfo@@EH1@Z 1002a2f4 f   libcmt:frame.obj
 0001:00022f90       ?ArrayUnwindFilter@@YAHPAU_EXCEPTION_POINTERS@@@Z 10023f90 f   libcmt:ehvecdtr.obj
 0001:00024f49       _xtoa                      10025f49 f   libcmt:xtoa.obj
 0001:00024ff2       _x64toa@20                 10025ff2 f   libcmt:xtoa.obj
 0001:00063a1c       _$E2                       10064a1c f   atls:atlbase.obj
 0001:00063a6a       _$E3                       10064a6a f   atls:atlbase.obj
 0001:00063a06       _$E2                       10064a06 f   atls:atlcommodule.obj
 0001:00063a60       _$E3                       10064a60 f   atls:atlcommodule.obj
